Archive member included to satisfy reference by file (symbol)

/home/andrea/Dropbox/Andrea_Workspaces/CMSIS/Robot_5_xbox_360/mbed/TARGET_LPC1768/TOOLCHAIN_GCC_CR/libmbed.a(pwmout_api.o)
                              ./main.o (pwmout_write)
/home/andrea/Dropbox/Andrea_Workspaces/CMSIS/Robot_5_xbox_360/mbed/TARGET_LPC1768/TOOLCHAIN_GCC_CR/libmbed.a(serial_api.o)
                              /home/andrea/Dropbox/Andrea_Workspaces/CMSIS/Robot_5_xbox_360/mbed/TARGET_LPC1768/TOOLCHAIN_GCC_CR/retarget.o (serial_getc)
/home/andrea/Dropbox/Andrea_Workspaces/CMSIS/Robot_5_xbox_360/mbed/TARGET_LPC1768/TOOLCHAIN_GCC_CR/libmbed.a(FilePath.o)
                              /home/andrea/Dropbox/Andrea_Workspaces/CMSIS/Robot_5_xbox_360/mbed/TARGET_LPC1768/TOOLCHAIN_GCC_CR/retarget.o (mbed::FilePath::FilePath(char const*))
/home/andrea/Dropbox/Andrea_Workspaces/CMSIS/Robot_5_xbox_360/mbed/TARGET_LPC1768/TOOLCHAIN_GCC_CR/libmbed.a(FileSystemLike.o)
                              ./USBHost/FATFileSystem/FATFileSystem.o (mbed::FileSystemLike::~FileSystemLike())
/home/andrea/Dropbox/Andrea_Workspaces/CMSIS/Robot_5_xbox_360/mbed/TARGET_LPC1768/TOOLCHAIN_GCC_CR/libmbed.a(Stream.o)
                              ./USBHost/USBHostSerial/USBHostSerial.o (mbed::Stream::close())
/home/andrea/Dropbox/Andrea_Workspaces/CMSIS/Robot_5_xbox_360/mbed/TARGET_LPC1768/TOOLCHAIN_GCC_CR/libmbed.a(assert.o)
                              ./main.o (mbed_assert_internal)
/home/andrea/Dropbox/Andrea_Workspaces/CMSIS/Robot_5_xbox_360/mbed/TARGET_LPC1768/TOOLCHAIN_GCC_CR/libmbed.a(error.o)
                              ./USBHost/mbed-rtos/rtos/Mutex.o (error)
/home/andrea/Dropbox/Andrea_Workspaces/CMSIS/Robot_5_xbox_360/mbed/TARGET_LPC1768/TOOLCHAIN_GCC_CR/libmbed.a(gpio.o)
                              /home/andrea/Dropbox/Andrea_Workspaces/CMSIS/Robot_5_xbox_360/mbed/TARGET_LPC1768/TOOLCHAIN_GCC_CR/libmbed.a(serial_api.o) (gpio_init_in)
/home/andrea/Dropbox/Andrea_Workspaces/CMSIS/Robot_5_xbox_360/mbed/TARGET_LPC1768/TOOLCHAIN_GCC_CR/libmbed.a(mbed_interface.o)
                              /home/andrea/Dropbox/Andrea_Workspaces/CMSIS/Robot_5_xbox_360/mbed/TARGET_LPC1768/TOOLCHAIN_GCC_CR/retarget.o (mbed_interface_connected)
/home/andrea/Dropbox/Andrea_Workspaces/CMSIS/Robot_5_xbox_360/mbed/TARGET_LPC1768/TOOLCHAIN_GCC_CR/libmbed.a(pinmap_common.o)
                              /home/andrea/Dropbox/Andrea_Workspaces/CMSIS/Robot_5_xbox_360/mbed/TARGET_LPC1768/TOOLCHAIN_GCC_CR/libmbed.a(pwmout_api.o) (pinmap_pinout)
/home/andrea/Dropbox/Andrea_Workspaces/CMSIS/Robot_5_xbox_360/mbed/TARGET_LPC1768/TOOLCHAIN_GCC_CR/libmbed.a(rtc_time.o)
                              ./USBHost/FATFileSystem/FATFileSystem.o (time)
/home/andrea/Dropbox/Andrea_Workspaces/CMSIS/Robot_5_xbox_360/mbed/TARGET_LPC1768/TOOLCHAIN_GCC_CR/libmbed.a(semihost_api.o)
                              /home/andrea/Dropbox/Andrea_Workspaces/CMSIS/Robot_5_xbox_360/mbed/TARGET_LPC1768/TOOLCHAIN_GCC_CR/retarget.o (semihost_exit)
/home/andrea/Dropbox/Andrea_Workspaces/CMSIS/Robot_5_xbox_360/mbed/TARGET_LPC1768/TOOLCHAIN_GCC_CR/libmbed.a(wait_api.o)
                              ./USBHost/USBHostHub/USBHostHub.o (wait_ms)
/home/andrea/Dropbox/Andrea_Workspaces/CMSIS/Robot_5_xbox_360/mbed/TARGET_LPC1768/TOOLCHAIN_GCC_CR/libmbed.a(gpio_api.o)
                              /home/andrea/Dropbox/Andrea_Workspaces/CMSIS/Robot_5_xbox_360/mbed/TARGET_LPC1768/TOOLCHAIN_GCC_CR/libmbed.a(gpio.o) (gpio_init)
/home/andrea/Dropbox/Andrea_Workspaces/CMSIS/Robot_5_xbox_360/mbed/TARGET_LPC1768/TOOLCHAIN_GCC_CR/libmbed.a(pinmap.o)
                              /home/andrea/Dropbox/Andrea_Workspaces/CMSIS/Robot_5_xbox_360/mbed/TARGET_LPC1768/TOOLCHAIN_GCC_CR/libmbed.a(pinmap_common.o) (pin_function)
/home/andrea/Dropbox/Andrea_Workspaces/CMSIS/Robot_5_xbox_360/mbed/TARGET_LPC1768/TOOLCHAIN_GCC_CR/libmbed.a(rtc_api.o)
                              /home/andrea/Dropbox/Andrea_Workspaces/CMSIS/Robot_5_xbox_360/mbed/TARGET_LPC1768/TOOLCHAIN_GCC_CR/libmbed.a(rtc_time.o) (rtc_init)
/home/andrea/Dropbox/Andrea_Workspaces/CMSIS/Robot_5_xbox_360/mbed/TARGET_LPC1768/TOOLCHAIN_GCC_CR/libmbed.a(us_ticker.o)
                              /home/andrea/Dropbox/Andrea_Workspaces/CMSIS/Robot_5_xbox_360/mbed/TARGET_LPC1768/TOOLCHAIN_GCC_CR/libmbed.a(rtc_time.o) (us_ticker_read)
/home/andrea/Dropbox/Andrea_Workspaces/CMSIS/Robot_5_xbox_360/mbed/TARGET_LPC1768/TOOLCHAIN_GCC_CR/libmbed.a(FileLike.o)
                              /home/andrea/Dropbox/Andrea_Workspaces/CMSIS/Robot_5_xbox_360/mbed/TARGET_LPC1768/TOOLCHAIN_GCC_CR/libmbed.a(Stream.o) (mbed::FileLike::~FileLike())
/home/andrea/Dropbox/Andrea_Workspaces/CMSIS/Robot_5_xbox_360/mbed/TARGET_LPC1768/TOOLCHAIN_GCC_CR/libmbed.a(FileBase.o)
                              /home/andrea/Dropbox/Andrea_Workspaces/CMSIS/Robot_5_xbox_360/mbed/TARGET_LPC1768/TOOLCHAIN_GCC_CR/libmbed.a(FileSystemLike.o) (mbed::FileBase::~FileBase())
[...]
Memory Configuration

Name             Origin             Length             Attributes
MFlash512        0x00000000         0x00080000         xr
RamLoc32         0x100000c8         0x00007f38         xrw
RamAHB32         0x2007c000         0x00008000         xrw
*default*        0x00000000         0xffffffff

Linker script and memory map

LOAD ./USBHostXpad/USBHostXpad.o
LOAD ./USBHost/mbed-rtos/rtx/TARGET_CORTEX_M/TARGET_M3/TOOLCHAIN_GCC/HAL_CM3.o
LOAD ./USBHost/mbed-rtos/rtx/TARGET_CORTEX_M/TARGET_M3/TOOLCHAIN_GCC/SVC_Table.o
LOAD ./USBHost/mbed-rtos/rtx/TARGET_CORTEX_M/HAL_CM.o
LOAD ./USBHost/mbed-rtos/rtx/TARGET_CORTEX_M/RTX_Conf_CM.o
LOAD ./USBHost/mbed-rtos/rtx/TARGET_CORTEX_M/rt_CMSIS.o
LOAD ./USBHost/mbed-rtos/rtx/TARGET_CORTEX_M/rt_Event.o
LOAD ./USBHost/mbed-rtos/rtx/TARGET_CORTEX_M/rt_List.o
LOAD ./USBHost/mbed-rtos/rtx/TARGET_CORTEX_M/rt_Mailbox.o
LOAD ./USBHost/mbed-rtos/rtx/TARGET_CORTEX_M/rt_MemBox.o
LOAD ./USBHost/mbed-rtos/rtx/TARGET_CORTEX_M/rt_Mutex.o
LOAD ./USBHost/mbed-rtos/rtx/TARGET_CORTEX_M/rt_Robin.o
LOAD ./USBHost/mbed-rtos/rtx/TARGET_CORTEX_M/rt_Semaphore.o
LOAD ./USBHost/mbed-rtos/rtx/TARGET_CORTEX_M/rt_System.o
LOAD ./USBHost/mbed-rtos/rtx/TARGET_CORTEX_M/rt_Task.o
LOAD ./USBHost/mbed-rtos/rtx/TARGET_CORTEX_M/rt_Time.o
LOAD ./USBHost/mbed-rtos/rtos/Mutex.o
LOAD ./USBHost/mbed-rtos/rtos/RtosTimer.o
LOAD ./USBHost/mbed-rtos/rtos/Semaphore.o
LOAD ./USBHost/mbed-rtos/rtos/Thread.o
LOAD ./USBHost/USBHostSerial/USBHostSerial.o
LOAD ./USBHost/USBHostMSD/USBHostMSD.o
LOAD ./USBHost/USBHostMIDI/USBHostMIDI.o
LOAD ./USBHost/USBHostHub/USBHostHub.o
LOAD ./USBHost/USBHostHID/USBHostKeyboard.o
LOAD ./USBHost/USBHostHID/USBHostMouse.o
LOAD ./USBHost/USBHost3GModule/WANDongle.o
LOAD ./USBHost/USBHost3GModule/WANDongleSerialPort.o
LOAD ./USBHost/USBHost/USBDeviceConnected.o
LOAD ./USBHost/USBHost/USBEndpoint.o
LOAD ./USBHost/USBHost/USBHALHost_LPC17.o
LOAD ./USBHost/USBHost/USBHALHost_RZ_A1.o
LOAD ./USBHost/USBHost/USBHost.o
LOAD ./USBHost/FATFileSystem/ChaN/ccsbcs.o
LOAD ./USBHost/FATFileSystem/ChaN/diskio.o
LOAD ./USBHost/FATFileSystem/ChaN/ff.o
LOAD ./USBHost/FATFileSystem/FATDirHandle.o
LOAD ./USBHost/FATFileSystem/FATFileHandle.o
LOAD ./USBHost/FATFileSystem/FATFileSystem.o
LOAD ./Servo/Servo.o
LOAD ./main.o
LOAD /home/andrea/Dropbox/Andrea_Workspaces/CMSIS/Robot_5_xbox_360/mbed/TARGET_LPC1768/TOOLCHAIN_GCC_CR/board.o
LOAD /home/andrea/Dropbox/Andrea_Workspaces/CMSIS/Robot_5_xbox_360/mbed/TARGET_LPC1768/TOOLCHAIN_GCC_CR/startup_LPC17xx.o
LOAD /home/andrea/Dropbox/Andrea_Workspaces/CMSIS/Robot_5_xbox_360/mbed/TARGET_LPC1768/TOOLCHAIN_GCC_CR/cmsis_nvic.o
LOAD /home/andrea/Dropbox/Andrea_Workspaces/CMSIS/Robot_5_xbox_360/mbed/TARGET_LPC1768/TOOLCHAIN_GCC_CR/retarget.o
LOAD /home/andrea/Dropbox/Andrea_Workspaces/CMSIS/Robot_5_xbox_360/mbed/TARGET_LPC1768/TOOLCHAIN_GCC_CR/system_LPC17xx.o
LOAD /home/andrea/Dropbox/Andrea_Workspaces/CMSIS/Robot_5_xbox_360/mbed/TARGET_LPC1768/TOOLCHAIN_GCC_CR/libmbed.a
START GROUP
LOAD /usr/local/lpcxpresso_8.2.2_650/lpcxpresso/tools/bin/../lib/gcc/arm-none-eabi/5.4.1/armv7-m/libgcc.a
LOAD /usr/local/lpcxpresso_8.2.2_650/lpcxpresso/tools/bin/../lib/gcc/arm-none-eabi/5.4.1/../../../../arm-none-eabi/lib/armv7-m/libc.a
LOAD /usr/local/lpcxpresso_8.2.2_650/lpcxpresso/tools/bin/../lib/gcc/arm-none-eabi/5.4.1/../../../../arm-none-eabi/lib/armv7-m/libstdc++.a
LOAD /usr/local/lpcxpresso_8.2.2_650/lpcxpresso/tools/bin/../lib/gcc/arm-none-eabi/5.4.1/../../../../arm-none-eabi/lib/armv7-m/libm.a
LOAD /usr/local/lpcxpresso_8.2.2_650/lpcxpresso/tools/bin/../lib/gcc/arm-none-eabi/5.4.1/../../../../arm-none-eabi/lib/armv7-m/libcr_newlib_nohost.a
LOAD /usr/local/lpcxpresso_8.2.2_650/lpcxpresso/tools/bin/../lib/gcc/arm-none-eabi/5.4.1/armv7-m/crti.o
LOAD /usr/local/lpcxpresso_8.2.2_650/lpcxpresso/tools/bin/../lib/gcc/arm-none-eabi/5.4.1/armv7-m/crtn.o
LOAD /usr/local/lpcxpresso_8.2.2_650/lpcxpresso/tools/bin/../lib/gcc/arm-none-eabi/5.4.1/armv7-m/crtbegin.o
LOAD /usr/local/lpcxpresso_8.2.2_650/lpcxpresso/tools/bin/../lib/gcc/arm-none-eabi/5.4.1/armv7-m/crtend.o
END GROUP
                0x00080000                __top_MFlash512 = 0x80000
                0x10008000                __top_RamLoc32 = 0x10008000
                0x20084000                __top_RamAHB32 = 0x20084000

.text           0x00000000    0x10a0c
 FILL mask 0xff
 *(.isr_vector)
 .isr_vector    0x00000000       0xcc /home/andrea/Dropbox/Andrea_Workspaces/CMSIS/Robot_5_xbox_360/mbed/TARGET_LPC1768/TOOLCHAIN_GCC_CR/startup_LPC17xx.o
                0x00000000                g_pfnVectors
                0x000000cc                . = ALIGN (0x4)
                0x000000cc                __section_table_start = .
                0x000000cc                __data_section_table = .
                0x000000cc        0x4 LONG 0x10a14 LOADADDR (.data)
                0x000000d0        0x4 LONG 0x100000c8 ADDR (.data)
                0x000000d4        0x4 LONG 0x9e4 SIZEOF (.data)
                0x000000d8        0x4 LONG 0x10a14 LOADADDR (.data_RAM2)
                0x000000dc        0x4 LONG 0x2007c000 ADDR (.data_RAM2)
                0x000000e0        0x4 LONG 0x0 SIZEOF (.data_RAM2)
                0x000000e4                __data_section_table_end = .
                0x000000e4                __bss_section_table = .
                0x000000e4        0x4 LONG 0x10001ec0 ADDR (.bss)
                0x000000e8        0x4 LONG 0xec8 SIZEOF (.bss)
                0x000000ec        0x4 LONG 0x2007c000 ADDR (.bss_RAM2)
                0x000000f0        0x4 LONG 0x0 SIZEOF (.bss_RAM2)
                0x000000f4                __bss_section_table_end = .
                0x000000f4                __section_table_end = .
 *(.after_vectors*)
 .after_vectors
                0x000000f4       0xd0 /home/andrea/Dropbox/Andrea_Workspaces/CMSIS/Robot_5_xbox_360/mbed/TARGET_LPC1768/TOOLCHAIN_GCC_CR/startup_LPC17xx.o
                0x000000f4                NMI_Handler
                0x000000f8                HardFault_Handler
                0x000000fc                MemManage_Handler
                0x00000100                BusFault_Handler
                0x00000104                UsageFault_Handler
                0x0000010c                DebugMon_Handler
                0x00000118                TIMER2_IRQHandler
                0x00000118                RIT_IRQHandler
                0x00000118                I2C0_IRQHandler
                0x00000118                USBActivity_IRQHandler
                0x00000118                PWM1_IRQHandler
                0x00000118                I2C1_IRQHandler
                0x00000118                EINT2_IRQHandler
                0x00000118                UART1_IRQHandler
                0x00000118                EINT3_IRQHandler
                0x00000118                CANActivity_IRQHandler
                0x00000118                TIMER3_IRQHandler
                0x00000118                UART0_IRQHandler
                0x00000118                IntDefaultHandler
                0x00000118                PLL0_IRQHandler
                0x00000118                CAN_IRQHandler
                0x00000118                PLL1_IRQHandler
                0x00000118                SSP0_IRQHandler
                0x00000118                I2S_IRQHandler
                0x00000118                I2C2_IRQHandler
                0x00000118                RTC_IRQHandler
                0x00000118                TIMER0_IRQHandler
                0x00000118                SPI_IRQHandler
                0x00000118                EINT1_IRQHandler
                0x00000118                TIMER1_IRQHandler
                0x00000118                UART2_IRQHandler
                0x00000118                ADC_IRQHandler
                0x00000118                SSP1_IRQHandler
                0x00000118                USB_IRQHandler
                0x00000118                BOD_IRQHandler
                0x00000118                WDT_IRQHandler
                0x00000118                QEI_IRQHandler
                0x00000118                EINT0_IRQHandler
                0x00000118                DMA_IRQHandler
                0x00000118                UART3_IRQHandler
                0x00000118                MCPWM_IRQHandler
                0x00000118                ENET_IRQHandler
                0x0000011c                ResetISR
                0x0000019c                data_init
                0x000001b4                bss_init
 *(.text*)
 .text._ZN11USBEndpoint20getLengthTransferredEv
                0x000001c4       0x18 ./USBHostXpad/USBHostXpad.o
                0x000001c4                USBEndpoint::getLengthTransferred()
 .text._ZN11USBEndpoint7getSizeEv
                0x000001dc       0x20 ./USBHostXpad/USBHostXpad.o
                0x000001dc                USBEndpoint::getSize()
 .text._ZN18USBDeviceConnected7setNameEPKch
                0x000001fc       0x30 ./USBHostXpad/USBHostXpad.o
                0x000001fc                USBDeviceConnected::setName(char const*, unsigned char)
 .text._ZN18USBDeviceConnected6getVidEv
                0x0000022c       0x18 ./USBHostXpad/USBHostXpad.o
                0x0000022c                USBDeviceConnected::getVid()
 .text._ZN18USBDeviceConnected6getPidEv
                0x00000244       0x18 ./USBHostXpad/USBHostXpad.o
                0x00000244                USBDeviceConnected::getPid()
 .text._ZN14IUSBEnumeratorC2Ev
                0x0000025c       0x20 ./USBHostXpad/USBHostXpad.o
                0x0000025c                IUSBEnumerator::IUSBEnumerator()
                0x0000025c                IUSBEnumerator::IUSBEnumerator()
 .text._ZN11USBHostXpadC2Ev
                0x0000027c       0x34 ./USBHostXpad/USBHostXpad.o
                0x0000027c                USBHostXpad::USBHostXpad()
                0x0000027c                USBHostXpad::USBHostXpad()
 .text._ZN11USBHostXpad4initEv
                0x000002b0       0x4c ./USBHostXpad/USBHostXpad.o
                0x000002b0                USBHostXpad::init()
 .text._ZN11USBHostXpad9connectedEv
                0x000002fc       0x18 ./USBHostXpad/USBHostXpad.o
                0x000002fc                USBHostXpad::connected()
 .text._ZN11USBHostXpad7connectEv
                0x00000314      0x1cc ./USBHostXpad/USBHostXpad.o
                0x00000314                USBHostXpad::connect()
 .text._ZN11USBHostXpad9rxHandlerEv
                0x000004e0      0x148 ./USBHostXpad/USBHostXpad.o
                0x000004e0                USBHostXpad::rxHandler()
 .text._ZN11USBHostXpad9setVidPidEtt
                0x00000628       0xc4 ./USBHostXpad/USBHostXpad.o
                0x00000628                USBHostXpad::setVidPid(unsigned short, unsigned short)
 .text._ZN11USBHostXpad14parseInterfaceEhhhh
                0x000006ec       0x98 ./USBHostXpad/USBHostXpad.o
                0x000006ec                USBHostXpad::parseInterface(unsigned char, unsigned char, unsigned char, unsigned char)
 .text._ZN11USBHostXpad11useEndpointEh13ENDPOINT_TYPE18ENDPOINT_DIRECTION
                0x00000784       0x74 ./USBHostXpad/USBHostXpad.o
                0x00000784                USBHostXpad::useEndpoint(unsigned char, ENDPOINT_TYPE, ENDPOINT_DIRECTION)
 .text._ZN11USBHostXpad12parseMessageEv
                0x000007f8      0x208 ./USBHostXpad/USBHostXpad.o
                0x000007f8                USBHostXpad::parseMessage()
 .text._ZN11USBHostXpad7restartEv
                0x00000a00       0x64 ./USBHostXpad/USBHostXpad.o
                0x00000a00                USBHostXpad::restart()
 .text._ZN11USBHostXpad5startEv
                0x00000a64       0x60 ./USBHostXpad/USBHostXpad.o
                0x00000a64                USBHostXpad::start()
 .text._ZN11USBHostXpad3ledENS_3LEDE
                0x00000ac4       0xac ./USBHostXpad/USBHostXpad.o
                0x00000ac4                USBHostXpad::led(USBHostXpad::LED)
 .text._ZN11USBHostXpad6rumbleEhh
                0x00000b70       0xa8 ./USBHostXpad/USBHostXpad.o
                0x00000b70                USBHostXpad::rumble(unsigned char, unsigned char)
 .text._ZN7USBHost14registerDriverI11USBHostXpadEEvP18USBDeviceConnectedhPT_MS4_FvvE
                0x00000c18       0x68 ./USBHostXpad/USBHostXpad.o
                0x00000c18                void USBHost::registerDriver<USBHostXpad>(USBDeviceConnected*, unsigned char, USBHostXpad*, void (USBHostXpad::*)())
 .text._ZN11USBEndpoint6attachI11USBHostXpadEEvPT_MS2_FvvE
                0x00000c80       0x40 ./USBHostXpad/USBHostXpad.o
                0x00000c80                void USBEndpoint::attach<USBHostXpad>(USBHostXpad*, void (USBHostXpad::*)())
 .text._ZN18USBDeviceConnected12onDisconnectI11USBHostXpadEEvhPT_MS2_FvvE
                0x00000cc0       0x54 ./USBHostXpad/USBHostXpad.o
                0x00000cc0                void USBDeviceConnected::onDisconnect<USBHostXpad>(unsigned char, USBHostXpad*, void (USBHostXpad::*)())
 .text._ZN4mbed19FunctionPointerArg1IvvE6attachI11USBHostXpadEEvPT_MS4_FvvE
                0x00000d14       0x3c ./USBHostXpad/USBHostXpad.o
                0x00000d14                void mbed::FunctionPointerArg1<void, void>::attach<USBHostXpad>(USBHostXpad*, void (USBHostXpad::*)())
 .text._ZN4mbed19FunctionPointerArg1IvvE12membercallerI11USBHostXpadEEvPvPj
                0x00000d50       0x50 ./USBHostXpad/USBHostXpad.o
                0x00000d50                void mbed::FunctionPointerArg1<void, void>::membercaller<USBHostXpad>(void*, unsigned int*)
 .text          0x00000da0      0x128 ./USBHost/mbed-rtos/rtx/TARGET_CORTEX_M/TARGET_M3/TOOLCHAIN_GCC/HAL_CM3.o
                0x00000da0                rt_set_PSP
                0x00000da6                rt_get_PSP
                0x00000dac                os_set_env
                0x00000dc4                _alloc_box
                0x00000de0                _free_box
                0x00000dfc                SVC_Handler
                0x00000e66                PendSV_Handler
                0x00000e6a                Sys_Switch
                0x00000e9c                SysTick_Handler
                0x00000ea4                OS_Tick_Handler
 .text.rt_init_stack
                0x00000ec8       0x98 ./USBHost/mbed-rtos/rtx/TARGET_CORTEX_M/HAL_CM.o
                0x00000ec8                rt_init_stack
 .text.rt_ret_regs
                0x00000f60       0x18 ./USBHost/mbed-rtos/rtx/TARGET_CORTEX_M/HAL_CM.o
 .text.rt_ret_val
                0x00000f78       0x20 ./USBHost/mbed-rtos/rtx/TARGET_CORTEX_M/HAL_CM.o
                0x00000f78                rt_ret_val
 .text.rt_ret_val2
                0x00000f98       0x2c ./USBHost/mbed-rtos/rtx/TARGET_CORTEX_M/HAL_CM.o
                0x00000f98                rt_ret_val2
 .text.os_idle_demon
                0x00000fc4        0x8 ./USBHost/mbed-rtos/rtx/TARGET_CORTEX_M/RTX_Conf_CM.o
                0x00000fc4                os_idle_demon
 .text.os_error
                0x00000fcc       0x14 ./USBHost/mbed-rtos/rtx/TARGET_CORTEX_M/RTX_Conf_CM.o
                0x00000fcc                os_error
 .text.sysThreadError
                0x00000fe0       0x1c ./USBHost/mbed-rtos/rtx/TARGET_CORTEX_M/RTX_Conf_CM.o
                0x00000fe0                sysThreadError
 .text.set_main_stack
                0x00000ffc       0x1c ./USBHost/mbed-rtos/rtx/TARGET_CORTEX_M/RTX_Conf_CM.o
                0x00000ffc                set_main_stack
 .text.software_init_hook
                0x00001018       0x38 ./USBHost/mbed-rtos/rtx/TARGET_CORTEX_M/RTX_Conf_CM.o
                0x00001018                software_init_hook
 .text.rt_ms2tick
                0x00001050       0x64 ./USBHost/mbed-rtos/rtx/TARGET_CORTEX_M/rt_CMSIS.o
 .text.rt_tid2ptcb
                0x000010b4       0x3c ./USBHost/mbed-rtos/rtx/TARGET_CORTEX_M/rt_CMSIS.o
 .text.rt_id2obj
                0x000010f0       0x24 ./USBHost/mbed-rtos/rtx/TARGET_CORTEX_M/rt_CMSIS.o
 .text.svcKernelInitialize
                0x00001114       0x38 ./USBHost/mbed-rtos/rtx/TARGET_CORTEX_M/rt_CMSIS.o
                0x00001114                svcKernelInitialize
 .text.svcKernelStart
                0x0000114c       0x78 ./USBHost/mbed-rtos/rtx/TARGET_CORTEX_M/rt_CMSIS.o
                0x0000114c                svcKernelStart
 .text.osKernelInitialize
                0x000011c4       0x44 ./USBHost/mbed-rtos/rtx/TARGET_CORTEX_M/rt_CMSIS.o
                0x000011c4                osKernelInitialize
 .text.osKernelStart
                0x00001208       0xcc ./USBHost/mbed-rtos/rtx/TARGET_CORTEX_M/rt_CMSIS.o
                0x00001208                osKernelStart
 .text.svcThreadCreate
                0x000012d4       0xc8 ./USBHost/mbed-rtos/rtx/TARGET_CORTEX_M/rt_CMSIS.o
                0x000012d4                svcThreadCreate
 .text.svcThreadGetId
                0x0000139c       0x2c ./USBHost/mbed-rtos/rtx/TARGET_CORTEX_M/rt_CMSIS.o
                0x0000139c                svcThreadGetId
 .text.svcThreadTerminate
                0x000013c8       0x3c ./USBHost/mbed-rtos/rtx/TARGET_CORTEX_M/rt_CMSIS.o
                0x000013c8                svcThreadTerminate
 .text.osThreadCreate
                0x00001404       0x64 ./USBHost/mbed-rtos/rtx/TARGET_CORTEX_M/rt_CMSIS.o
                0x00001404                osThreadCreate
 .text.osThreadTerminate
                0x00001468       0x34 ./USBHost/mbed-rtos/rtx/TARGET_CORTEX_M/rt_CMSIS.o
                0x00001468                osThreadTerminate
 .text.osThreadExit
                0x0000149c       0x20 ./USBHost/mbed-rtos/rtx/TARGET_CORTEX_M/rt_CMSIS.o
                0x0000149c                osThreadExit
 .text.svcDelay
                0x000014bc       0x2c ./USBHost/mbed-rtos/rtx/TARGET_CORTEX_M/rt_CMSIS.o
                0x000014bc                svcDelay
 .text.osDelay  0x000014e8       0x34 ./USBHost/mbed-rtos/rtx/TARGET_CORTEX_M/rt_CMSIS.o
                0x000014e8                osDelay
 .text.rt_timer_insert
                0x0000151c       0x88 ./USBHost/mbed-rtos/rtx/TARGET_CORTEX_M/rt_CMSIS.o
 .text.svcTimerCall
                0x000015a4       0x60 ./USBHost/mbed-rtos/rtx/TARGET_CORTEX_M/rt_CMSIS.o
                0x000015a4                svcTimerCall
 .text.sysTimerTick
                0x00001604       0x7c ./USBHost/mbed-rtos/rtx/TARGET_CORTEX_M/rt_CMSIS.o
                0x00001604                sysTimerTick
 .text.osTimerCall
                0x00001680       0x30 ./USBHost/mbed-rtos/rtx/TARGET_CORTEX_M/rt_CMSIS.o
                0x00001680                osTimerCall
 .text.osTimerThread
                0x000016b0       0x44 ./USBHost/mbed-rtos/rtx/TARGET_CORTEX_M/rt_CMSIS.o
                0x000016b0                osTimerThread
 .text.svcMutexCreate
                0x000016f4       0x50 ./USBHost/mbed-rtos/rtx/TARGET_CORTEX_M/rt_CMSIS.o
                0x000016f4                svcMutexCreate
 .text.svcMutexWait
                0x00001744       0x5c ./USBHost/mbed-rtos/rtx/TARGET_CORTEX_M/rt_CMSIS.o
                0x00001744                svcMutexWait
 .text.svcMutexRelease
                0x000017a0       0x44 ./USBHost/mbed-rtos/rtx/TARGET_CORTEX_M/rt_CMSIS.o
                0x000017a0                svcMutexRelease
 .text.osMutexCreate
                0x000017e4       0x5c ./USBHost/mbed-rtos/rtx/TARGET_CORTEX_M/rt_CMSIS.o
                0x000017e4                osMutexCreate
 .text.osMutexWait
                0x00001840       0x3c ./USBHost/mbed-rtos/rtx/TARGET_CORTEX_M/rt_CMSIS.o
                0x00001840                osMutexWait
 .text.osMutexRelease
                0x0000187c       0x34 ./USBHost/mbed-rtos/rtx/TARGET_CORTEX_M/rt_CMSIS.o
                0x0000187c                osMutexRelease
 .text.rt_clr_box
                0x000018b0       0x3c ./USBHost/mbed-rtos/rtx/TARGET_CORTEX_M/rt_CMSIS.o
 .text.svcMessageCreate
                0x000018ec       0x64 ./USBHost/mbed-rtos/rtx/TARGET_CORTEX_M/rt_CMSIS.o
                0x000018ec                svcMessageCreate
 .text.svcMessagePut
                0x00001950       0x58 ./USBHost/mbed-rtos/rtx/TARGET_CORTEX_M/rt_CMSIS.o
                0x00001950                svcMessagePut
 .text.svcMessageGet
                0x000019a8       0xcc ./USBHost/mbed-rtos/rtx/TARGET_CORTEX_M/rt_CMSIS.o
                0x000019a8                svcMessageGet
 .text.isrMessagePut
                0x00001a74       0x4c ./USBHost/mbed-rtos/rtx/TARGET_CORTEX_M/rt_CMSIS.o
 .text.isrMessageGet
                0x00001ac0       0x94 ./USBHost/mbed-rtos/rtx/TARGET_CORTEX_M/rt_CMSIS.o
 .text.osMessageCreate
                0x00001b54       0x64 ./USBHost/mbed-rtos/rtx/TARGET_CORTEX_M/rt_CMSIS.o
                0x00001b54                osMessageCreate
 .text.osMessagePut
                0x00001bb8       0x50 ./USBHost/mbed-rtos/rtx/TARGET_CORTEX_M/rt_CMSIS.o
                0x00001bb8                osMessagePut
 .text.osMessageGet
                0x00001c08       0x5c ./USBHost/mbed-rtos/rtx/TARGET_CORTEX_M/rt_CMSIS.o
                0x00001c08                osMessageGet
 .text.svcMailCreate
                0x00001c64       0xa4 ./USBHost/mbed-rtos/rtx/TARGET_CORTEX_M/rt_CMSIS.o
                0x00001c64                svcMailCreate
 .text.sysMailAlloc
                0x00001d08       0xbc ./USBHost/mbed-rtos/rtx/TARGET_CORTEX_M/rt_CMSIS.o
                0x00001d08                sysMailAlloc
 .text.sysMailFree
                0x00001dc4       0xa8 ./USBHost/mbed-rtos/rtx/TARGET_CORTEX_M/rt_CMSIS.o
                0x00001dc4                sysMailFree
 .text.osMailCreate
                0x00001e6c       0x64 ./USBHost/mbed-rtos/rtx/TARGET_CORTEX_M/rt_CMSIS.o
                0x00001e6c                osMailCreate
 .text.osMailAlloc
                0x00001ed0       0x54 ./USBHost/mbed-rtos/rtx/TARGET_CORTEX_M/rt_CMSIS.o
                0x00001ed0                osMailAlloc
 .text.osMailFree
                0x00001f24       0x4c ./USBHost/mbed-rtos/rtx/TARGET_CORTEX_M/rt_CMSIS.o
                0x00001f24                osMailFree
 .text.osMailPut
                0x00001f70       0x38 ./USBHost/mbed-rtos/rtx/TARGET_CORTEX_M/rt_CMSIS.o
                0x00001f70                osMailPut
 .text.osMailGet
                0x00001fa8       0x5c ./USBHost/mbed-rtos/rtx/TARGET_CORTEX_M/rt_CMSIS.o
                0x00001fa8                osMailGet
 .text.rt_evt_psh
                0x00002004       0xa8 ./USBHost/mbed-rtos/rtx/TARGET_CORTEX_M/rt_Event.o
                0x00002004                rt_evt_psh
 .text.rt_inc_qi
                0x000020ac       0x5c ./USBHost/mbed-rtos/rtx/TARGET_CORTEX_M/rt_List.o
 .text.rt_put_prio
                0x00002108       0x8c ./USBHost/mbed-rtos/rtx/TARGET_CORTEX_M/rt_List.o
                0x00002108                rt_put_prio
 .text.rt_get_first
                0x00002194       0x60 ./USBHost/mbed-rtos/rtx/TARGET_CORTEX_M/rt_List.o
                0x00002194                rt_get_first
 .text.rt_put_rdy_first
                0x000021f4       0x2c ./USBHost/mbed-rtos/rtx/TARGET_CORTEX_M/rt_List.o
                0x000021f4                rt_put_rdy_first
 .text.rt_resort_prio
                0x00002220       0x50 ./USBHost/mbed-rtos/rtx/TARGET_CORTEX_M/rt_List.o
                0x00002220                rt_resort_prio
 .text.rt_put_dly
                0x00002270       0xc8 ./USBHost/mbed-rtos/rtx/TARGET_CORTEX_M/rt_List.o
                0x00002270                rt_put_dly
 .text.rt_dec_dly
                0x00002338       0xcc ./USBHost/mbed-rtos/rtx/TARGET_CORTEX_M/rt_List.o
                0x00002338                rt_dec_dly
 .text.rt_rmv_list
                0x00002404       0x64 ./USBHost/mbed-rtos/rtx/TARGET_CORTEX_M/rt_List.o
                0x00002404                rt_rmv_list
 .text.rt_rmv_dly
                0x00002468       0x5c ./USBHost/mbed-rtos/rtx/TARGET_CORTEX_M/rt_List.o
                0x00002468                rt_rmv_dly
 .text.rt_psq_enq
                0x000024c4       0x58 ./USBHost/mbed-rtos/rtx/TARGET_CORTEX_M/rt_List.o
                0x000024c4                rt_psq_enq
 .text.rt_mbx_init
                0x0000251c       0x50 ./USBHost/mbed-rtos/rtx/TARGET_CORTEX_M/rt_Mailbox.o
                0x0000251c                rt_mbx_init
 .text.rt_mbx_send
                0x0000256c       0xf8 ./USBHost/mbed-rtos/rtx/TARGET_CORTEX_M/rt_Mailbox.o
                0x0000256c                rt_mbx_send
 .text.rt_mbx_wait
                0x00002664      0x118 ./USBHost/mbed-rtos/rtx/TARGET_CORTEX_M/rt_Mailbox.o
                0x00002664                rt_mbx_wait
 .text.rt_mbx_check
                0x0000277c       0x24 ./USBHost/mbed-rtos/rtx/TARGET_CORTEX_M/rt_Mailbox.o
                0x0000277c                rt_mbx_check
 .text.isr_mbx_send
                0x000027a0       0x24 ./USBHost/mbed-rtos/rtx/TARGET_CORTEX_M/rt_Mailbox.o
                0x000027a0                isr_mbx_send
 .text.isr_mbx_receive
                0x000027c4       0x80 ./USBHost/mbed-rtos/rtx/TARGET_CORTEX_M/rt_Mailbox.o
                0x000027c4                isr_mbx_receive
 .text.rt_mbx_psh
                0x00002844      0x15c ./USBHost/mbed-rtos/rtx/TARGET_CORTEX_M/rt_Mailbox.o
                0x00002844                rt_mbx_psh
 .text._init_box
                0x000029a0       0xac ./USBHost/mbed-rtos/rtx/TARGET_CORTEX_M/rt_MemBox.o
                0x000029a0                _init_box
 .text.rt_alloc_box
                0x00002a4c       0x40 ./USBHost/mbed-rtos/rtx/TARGET_CORTEX_M/rt_MemBox.o
                0x00002a4c                rt_alloc_box
 .text.rt_free_box
                0x00002a8c       0x54 ./USBHost/mbed-rtos/rtx/TARGET_CORTEX_M/rt_MemBox.o
                0x00002a8c                rt_free_box
 .text.rt_mut_init
                0x00002ae0       0x34 ./USBHost/mbed-rtos/rtx/TARGET_CORTEX_M/rt_Mutex.o
                0x00002ae0                rt_mut_init
 .text.rt_mut_release
                0x00002b14       0xf8 ./USBHost/mbed-rtos/rtx/TARGET_CORTEX_M/rt_Mutex.o
                0x00002b14                rt_mut_release
 .text.rt_mut_wait
                0x00002c0c       0xbc ./USBHost/mbed-rtos/rtx/TARGET_CORTEX_M/rt_Mutex.o
                0x00002c0c                rt_mut_wait
 .text.rt_init_robin
                0x00002cc8       0x24 ./USBHost/mbed-rtos/rtx/TARGET_CORTEX_M/rt_Robin.o
                0x00002cc8                rt_init_robin
 .text.rt_chk_robin
                0x00002cec       0x6c ./USBHost/mbed-rtos/rtx/TARGET_CORTEX_M/rt_Robin.o
                0x00002cec                rt_chk_robin
 .text.rt_sem_psh
                0x00002d58       0x50 ./USBHost/mbed-rtos/rtx/TARGET_CORTEX_M/rt_Semaphore.o
                0x00002d58                rt_sem_psh
 .text.rt_systick_init
                0x00002da8       0x40 ./USBHost/mbed-rtos/rtx/TARGET_CORTEX_M/rt_System.o
 .text.rt_psh_req
                0x00002de8       0x34 ./USBHost/mbed-rtos/rtx/TARGET_CORTEX_M/rt_System.o
                0x00002de8                rt_psh_req
 .text.rt_pop_req
                0x00002e1c       0xcc ./USBHost/mbed-rtos/rtx/TARGET_CORTEX_M/rt_System.o
                0x00002e1c                rt_pop_req
 .text.os_tick_init
                0x00002ee8       0x10 ./USBHost/mbed-rtos/rtx/TARGET_CORTEX_M/rt_System.o
                0x00002ee8                os_tick_init
 .text.os_tick_irqack
                0x00002ef8        0xc ./USBHost/mbed-rtos/rtx/TARGET_CORTEX_M/rt_System.o
                0x00002ef8                os_tick_irqack
 .text.rt_systick
                0x00002f04       0x50 ./USBHost/mbed-rtos/rtx/TARGET_CORTEX_M/rt_System.o
                0x00002f04                rt_systick
 .text.rt_stk_check
                0x00002f54       0x40 ./USBHost/mbed-rtos/rtx/TARGET_CORTEX_M/rt_System.o
                0x00002f54                rt_stk_check
 .text.rt_svc_init
                0x00002f94       0x7c ./USBHost/mbed-rtos/rtx/TARGET_CORTEX_M/rt_Task.o
 .text.rt_get_TID
                0x00003010       0x44 ./USBHost/mbed-rtos/rtx/TARGET_CORTEX_M/rt_Task.o
                0x00003010                rt_get_TID
 .text.rt_init_context
                0x00003054       0x68 ./USBHost/mbed-rtos/rtx/TARGET_CORTEX_M/rt_Task.o
                0x00003054                rt_init_context
 .text.rt_switch_req
                0x000030bc       0x24 ./USBHost/mbed-rtos/rtx/TARGET_CORTEX_M/rt_Task.o
                0x000030bc                rt_switch_req
 .text.rt_dispatch
                0x000030e0       0x64 ./USBHost/mbed-rtos/rtx/TARGET_CORTEX_M/rt_Task.o
                0x000030e0                rt_dispatch
 .text.rt_block
                0x00003144       0x54 ./USBHost/mbed-rtos/rtx/TARGET_CORTEX_M/rt_Task.o
                0x00003144                rt_block
 .text.rt_tsk_self
                0x00003198       0x24 ./USBHost/mbed-rtos/rtx/TARGET_CORTEX_M/rt_Task.o
                0x00003198                rt_tsk_self
 .text.rt_tsk_prio
                0x000031bc       0xb8 ./USBHost/mbed-rtos/rtx/TARGET_CORTEX_M/rt_Task.o
                0x000031bc                rt_tsk_prio
 .text.rt_tsk_delete
                0x00003274       0xb8 ./USBHost/mbed-rtos/rtx/TARGET_CORTEX_M/rt_Task.o
                0x00003274                rt_tsk_delete
 .text.rt_sys_init
                0x0000332c       0xcc ./USBHost/mbed-rtos/rtx/TARGET_CORTEX_M/rt_Task.o
                0x0000332c                rt_sys_init
 .text.rt_sys_start
                0x000033f8       0x50 ./USBHost/mbed-rtos/rtx/TARGET_CORTEX_M/rt_Task.o
                0x000033f8                rt_sys_start
 .text.rt_dly_wait
                0x00003448       0x1c ./USBHost/mbed-rtos/rtx/TARGET_CORTEX_M/rt_Time.o
                0x00003448                rt_dly_wait
 .text._ZN4rtos5MutexC2Ev
                0x00003464       0x4c ./USBHost/mbed-rtos/rtos/Mutex.o
                0x00003464                rtos::Mutex::Mutex()
                0x00003464                rtos::Mutex::Mutex()
 .text._ZN4rtos5Mutex4lockEm
                0x000034b0       0x20 ./USBHost/mbed-rtos/rtos/Mutex.o
                0x000034b0                rtos::Mutex::lock(unsigned long)
 .text._ZN4rtos5Mutex6unlockEv
                0x000034d0       0x1c ./USBHost/mbed-rtos/rtos/Mutex.o
                0x000034d0                rtos::Mutex::unlock()
 .text._ZN4rtos6ThreadC2EPFvPKvEPv10osPrioritymPh
                0x000034ec       0x98 ./USBHost/mbed-rtos/rtos/Thread.o
                0x000034ec                rtos::Thread::Thread(void (*)(void const*), void*, osPriority, unsigned long, unsigned char*)
                0x000034ec                rtos::Thread::Thread(void (*)(void const*), void*, osPriority, unsigned long, unsigned char*)
 .text._ZN4rtos6Thread9terminateEv
                0x00003584       0x1c ./USBHost/mbed-rtos/rtos/Thread.o
                0x00003584                rtos::Thread::terminate()
 .text._ZN4rtos6Thread4waitEm
                0x000035a0       0x18 ./USBHost/mbed-rtos/rtos/Thread.o
                0x000035a0                rtos::Thread::wait(unsigned long)
 .text._ZN4rtos6ThreadD2Ev
                0x000035b8       0x4c ./USBHost/mbed-rtos/rtos/Thread.o
                0x000035b8                rtos::Thread::~Thread()
                0x000035b8                rtos::Thread::~Thread()
 .text._ZN4rtos6ThreadD0Ev
                0x00003604       0x20 ./USBHost/mbed-rtos/rtos/Thread.o
                0x00003604                rtos::Thread::~Thread()
 .text._ZN11USBEndpoint8getStateEv
                0x00003624       0x1c ./USBHost/USBHostSerial/USBHostSerial.o
                0x00003624                USBEndpoint::getState()
 .text._ZN4mbed19FunctionPointerArg1IvvEC2EPFvvE
                0x00003640       0x1c ./USBHost/USBHostSerial/USBHostSerial.o
                0x00003640                mbed::FunctionPointerArg1<void, void>::FunctionPointerArg1(void (*)())
                0x00003640                mbed::FunctionPointerArg1<void, void>::FunctionPointerArg1(void (*)())
 .text._ZN4mbed19FunctionPointerArg1IvvE6attachEPFvvE
                0x0000365c       0x20 ./USBHost/USBHostSerial/USBHostSerial.o
                0x0000365c                mbed::FunctionPointerArg1<void, void>::attach(void (*)())
 .text._ZN4mbed19FunctionPointerArg1IvvE4callEv
                0x0000367c       0x4c ./USBHost/USBHostSerial/USBHostSerial.o
                0x0000367c                mbed::FunctionPointerArg1<void, void>::call()
 .text._ZN11USBEndpoint8setStateE8USB_TYPE
                0x000036c8       0x20 ./USBHost/USBHostMSD/USBHostMSD.o
                0x000036c8                USBEndpoint::setState(USB_TYPE)
 .text._ZN18USBDeviceConnected7getPortEv
                0x000036e8       0x18 ./USBHost/USBHostHub/USBHostHub.o
                0x000036e8                USBDeviceConnected::getPort()
 .text._ZN18USBDeviceConnected6getHubEv
                0x00003700       0x18 ./USBHost/USBHostHub/USBHostHub.o
                0x00003700                USBDeviceConnected::getHub()
 .text._ZN10USBHostHubC2Ev
                0x00003718       0x30 ./USBHost/USBHostHub/USBHostHub.o
                0x00003718                USBHostHub::USBHostHub()
                0x00003718                USBHostHub::USBHostHub()
 .text._ZN10USBHostHub4initEv
                0x00003748       0x64 ./USBHost/USBHostHub/USBHostHub.o
                0x00003748                USBHostHub::init()
 .text._ZN10USBHostHub7setHostEP7USBHost
                0x000037ac       0x1c ./USBHost/USBHostHub/USBHostHub.o
                0x000037ac                USBHostHub::setHost(USBHost*)
 .text._ZN10USBHostHub7connectEP18USBDeviceConnected
                0x000037c8      0x1a0 ./USBHost/USBHostHub/USBHostHub.o
                0x000037c8                USBHostHub::connect(USBDeviceConnected*)
 .text._ZN10USBHostHub10disconnectEv
                0x00003968       0x18 ./USBHost/USBHostHub/USBHostHub.o
                0x00003968                USBHostHub::disconnect()
 .text._ZN10USBHostHub9setVidPidEtt
                0x00003980       0x1c ./USBHost/USBHostHub/USBHostHub.o
                0x00003980                USBHostHub::setVidPid(unsigned short, unsigned short)
 .text._ZN10USBHostHub14parseInterfaceEhhhh
                0x0000399c       0x4c ./USBHost/USBHostHub/USBHostHub.o
                0x0000399c                USBHostHub::parseInterface(unsigned char, unsigned char, unsigned char, unsigned char)
 .text._ZN10USBHostHub11useEndpointEh13ENDPOINT_TYPE18ENDPOINT_DIRECTION
                0x000039e8       0x48 ./USBHost/USBHostHub/USBHostHub.o
                0x000039e8                USBHostHub::useEndpoint(unsigned char, ENDPOINT_TYPE, ENDPOINT_DIRECTION)
 .text._ZN10USBHostHub15deviceConnectedEP18USBDeviceConnected
                0x00003a30       0x28 ./USBHost/USBHostHub/USBHostHub.o
                0x00003a30                USBHostHub::deviceConnected(USBDeviceConnected*)
 .text._ZN10USBHostHub18deviceDisconnectedEP18USBDeviceConnected
                0x00003a58       0x28 ./USBHost/USBHostHub/USBHostHub.o
                0x00003a58                USBHostHub::deviceDisconnected(USBDeviceConnected*)
 .text._ZN10USBHostHub15hubDisconnectedEv
                0x00003a80       0x44 ./USBHost/USBHostHub/USBHostHub.o
                0x00003a80                USBHostHub::hubDisconnected()
 .text._ZN10USBHostHub9rxHandlerEv
                0x00003ac4      0x184 ./USBHost/USBHostHub/USBHostHub.o
                0x00003ac4                USBHostHub::rxHandler()
 .text._ZN10USBHostHub9portResetEh
                0x00003c48       0x94 ./USBHost/USBHostHub/USBHostHub.o
                0x00003c48                USBHostHub::portReset(unsigned char)
 .text._ZN10USBHostHub14setPortFeatureEmh
                0x00003cdc       0x38 ./USBHost/USBHostHub/USBHostHub.o
                0x00003cdc                USBHostHub::setPortFeature(unsigned long, unsigned char)
 .text._ZN10USBHostHub16clearPortFeatureEmh
                0x00003d14       0x38 ./USBHost/USBHostHub/USBHostHub.o
                0x00003d14                USBHostHub::clearPortFeature(unsigned long, unsigned char)
 .text._ZN10USBHostHub13getPortStatusEh
                0x00003d4c       0x38 ./USBHost/USBHostHub/USBHostHub.o
                0x00003d4c                USBHostHub::getPortStatus(unsigned char)
 .text._ZN7USBHost14registerDriverI10USBHostHubEEvP18USBDeviceConnectedhPT_MS4_FvvE
                0x00003d84       0x68 ./USBHost/USBHostHub/USBHostHub.o
                0x00003d84                void USBHost::registerDriver<USBHostHub>(USBDeviceConnected*, unsigned char, USBHostHub*, void (USBHostHub::*)())
 .text._ZN11USBEndpoint6attachI10USBHostHubEEvPT_MS2_FvvE
                0x00003dec       0x40 ./USBHost/USBHostHub/USBHostHub.o
                0x00003dec                void USBEndpoint::attach<USBHostHub>(USBHostHub*, void (USBHostHub::*)())
 .text._ZN18USBDeviceConnected12onDisconnectI10USBHostHubEEvhPT_MS2_FvvE
                0x00003e2c       0x54 ./USBHost/USBHostHub/USBHostHub.o
                0x00003e2c                void USBDeviceConnected::onDisconnect<USBHostHub>(unsigned char, USBHostHub*, void (USBHostHub::*)())
 .text._ZN4mbed19FunctionPointerArg1IvvE6attachI10USBHostHubEEvPT_MS4_FvvE
                0x00003e80       0x3c ./USBHost/USBHostHub/USBHostHub.o
                0x00003e80                void mbed::FunctionPointerArg1<void, void>::attach<USBHostHub>(USBHostHub*, void (USBHostHub::*)())
 .text._ZN4mbed19FunctionPointerArg1IvvE12membercallerI10USBHostHubEEvPvPj
                0x00003ebc       0x50 ./USBHost/USBHostHub/USBHostHub.o
                0x00003ebc                void mbed::FunctionPointerArg1<void, void>::membercaller<USBHostHub>(void*, unsigned int*)
 .text._ZN11USBEndpoint7getTypeEv
                0x00003f0c       0x18 ./USBHost/USBHost/USBDeviceConnected.o
                0x00003f0c                USBEndpoint::getType()
 .text._ZN11USBEndpoint6getDirEv
                0x00003f24       0x18 ./USBHost/USBHost/USBDeviceConnected.o
                0x00003f24                USBEndpoint::getDir()
 .text._ZN9INTERFACEC2Ev
                0x00003f3c       0x20 ./USBHost/USBHost/USBDeviceConnected.o
                0x00003f3c                INTERFACE::INTERFACE()
                0x00003f3c                INTERFACE::INTERFACE()
 .text._ZN18USBDeviceConnectedC2Ev
                0x00003f5c       0x34 ./USBHost/USBHost/USBDeviceConnected.o
                0x00003f5c                USBDeviceConnected::USBDeviceConnected()
                0x00003f5c                USBDeviceConnected::USBDeviceConnected()
 .text._ZN18USBDeviceConnected4initEv
                0x00003f90      0x10c ./USBHost/USBHost/USBDeviceConnected.o
                0x00003f90                USBDeviceConnected::init()
 .text._ZN18USBDeviceConnected12getInterfaceEh
                0x0000409c       0x4c ./USBHost/USBHost/USBDeviceConnected.o
                0x0000409c                USBDeviceConnected::getInterface(unsigned char)
 .text._ZN18USBDeviceConnected12addInterfaceEhhhh
                0x000040e8       0xac ./USBHost/USBHost/USBDeviceConnected.o
                0x000040e8                USBDeviceConnected::addInterface(unsigned char, unsigned char, unsigned char, unsigned char)
 .text._ZN18USBDeviceConnected11addEndpointEhP11USBEndpoint
                0x00004194       0xc8 ./USBHost/USBHost/USBDeviceConnected.o
                0x00004194                USBDeviceConnected::addEndpoint(unsigned char, USBEndpoint*)
 .text._ZN18USBDeviceConnected4initEhhb
                0x0000425c       0x40 ./USBHost/USBHost/USBDeviceConnected.o
                0x0000425c                USBDeviceConnected::init(unsigned char, unsigned char, bool)
 .text._ZN18USBDeviceConnected10disconnectEv
                0x0000429c       0x40 ./USBHost/USBHost/USBDeviceConnected.o
                0x0000429c                USBDeviceConnected::disconnect()
 .text._ZN18USBDeviceConnected11getEndpointEh13ENDPOINT_TYPE18ENDPOINT_DIRECTIONh
                0x000042dc       0xbc ./USBHost/USBHost/USBDeviceConnected.o
                0x000042dc                USBDeviceConnected::getEndpoint(unsigned char, ENDPOINT_TYPE, ENDPOINT_DIRECTION, unsigned char)
 .text._ZN18USBDeviceConnected11getEndpointEhh
                0x00004398       0x40 ./USBHost/USBHost/USBDeviceConnected.o
                0x00004398                USBDeviceConnected::getEndpoint(unsigned char, unsigned char)
 .text._ZN11USBEndpoint7getHCEDEv
                0x000043d8       0x18 ./USBHost/USBHost/USBEndpoint.o
                0x000043d8                USBEndpoint::getHCED()
 .text._ZN11USBEndpoint4initEP4hcEd13ENDPOINT_TYPE18ENDPOINT_DIRECTIONmhPP4HCTD
                0x000043f0      0x164 ./USBHost/USBHost/USBEndpoint.o
                0x000043f0                USBEndpoint::init(hcEd*, ENDPOINT_TYPE, ENDPOINT_DIRECTION, unsigned long, unsigned char, HCTD**)
 .text._ZN11USBEndpoint7setSizeEm
                0x00004554       0x3c ./USBHost/USBHost/USBEndpoint.o
                0x00004554                USBEndpoint::setSize(unsigned long)
 .text._ZN11USBEndpoint16setDeviceAddressEh
                0x00004590       0x3c ./USBHost/USBHost/USBEndpoint.o
                0x00004590                USBEndpoint::setDeviceAddress(unsigned char)
 .text._ZN11USBEndpoint8setSpeedEh
                0x000045cc       0x38 ./USBHost/USBHost/USBEndpoint.o
                0x000045cc                USBEndpoint::setSpeed(unsigned char)
 .text._ZN11USBEndpoint12setNextTokenEm
                0x00004604       0x60 ./USBHost/USBHost/USBEndpoint.o
                0x00004604                USBEndpoint::setNextToken(unsigned long)
 .text._ZN11USBEndpoint8setStateEh
                0x00004664       0x30 ./USBHost/USBHost/USBEndpoint.o
                0x00004664                USBEndpoint::setState(unsigned char)
 .text._ZN11USBEndpoint14getStateStringEv
                0x00004694       0x28 ./USBHost/USBHost/USBEndpoint.o
                0x00004694                USBEndpoint::getStateString()
 .text._ZN11USBEndpoint13queueTransferEv
                0x000046bc       0x58 ./USBHost/USBHost/USBEndpoint.o
                0x000046bc                USBEndpoint::queueTransfer()
 .text._ZN11USBEndpoint15unqueueTransferEPV4HCTD
                0x00004714       0xa4 ./USBHost/USBHost/USBEndpoint.o
                0x00004714                USBEndpoint::unqueueTransfer(HCTD volatile*)
 .text._ZN11USBEndpoint13queueEndpointEPS_
                0x000047b8       0x30 ./USBHost/USBHost/USBEndpoint.o
                0x000047b8                USBEndpoint::queueEndpoint(USBEndpoint*)
 .text.NVIC_EnableIRQ
                0x000047e8       0x30 ./USBHost/USBHost/USBHALHost_LPC17.o
 .text.NVIC_DisableIRQ
                0x00004818       0x34 ./USBHost/USBHost/USBHALHost_LPC17.o
 .text._ZN10USBHALHostC2Ev
                0x0000484c       0x78 ./USBHost/USBHost/USBHALHost_LPC17.o
                0x0000484c                USBHALHost::USBHALHost()
                0x0000484c                USBHALHost::USBHALHost()
 .text._ZN10USBHALHost4initEv
                0x000048c4      0x178 ./USBHost/USBHost/USBHALHost_LPC17.o
                0x000048c4                USBHALHost::init()
 .text._ZN10USBHALHost13controlHeadEDEv
                0x00004a3c       0x1c ./USBHost/USBHost/USBHALHost_LPC17.o
                0x00004a3c                USBHALHost::controlHeadED()
 .text._ZN10USBHALHost10bulkHeadEDEv
                0x00004a58       0x1c ./USBHost/USBHost/USBHALHost_LPC17.o
                0x00004a58                USBHALHost::bulkHeadED()
 .text._ZN10USBHALHost15interruptHeadEDEv
                0x00004a74       0x18 ./USBHost/USBHost/USBHALHost_LPC17.o
                0x00004a74                USBHALHost::interruptHeadED()
 .text._ZN10USBHALHost16updateBulkHeadEDEm
                0x00004a8c       0x20 ./USBHost/USBHost/USBHALHost_LPC17.o
                0x00004a8c                USBHALHost::updateBulkHeadED(unsigned long)
 .text._ZN10USBHALHost19updateControlHeadEDEm
                0x00004aac       0x20 ./USBHost/USBHost/USBHALHost_LPC17.o
                0x00004aac                USBHALHost::updateControlHeadED(unsigned long)
 .text._ZN10USBHALHost21updateInterruptHeadEDEm
                0x00004acc       0x1c ./USBHost/USBHost/USBHALHost_LPC17.o
                0x00004acc                USBHALHost::updateInterruptHeadED(unsigned long)
 .text._ZN10USBHALHost10enableListE13ENDPOINT_TYPE
                0x00004ae8       0x70 ./USBHost/USBHost/USBHALHost_LPC17.o
                0x00004ae8                USBHALHost::enableList(ENDPOINT_TYPE)
 .text._ZN10USBHALHost11disableListE13ENDPOINT_TYPE
                0x00004b58       0xbc ./USBHost/USBHost/USBHALHost_LPC17.o
                0x00004b58                USBHALHost::disableList(ENDPOINT_TYPE)
 .text._ZN10USBHALHost7memInitEv
                0x00004c14       0x38 ./USBHost/USBHost/USBHALHost_LPC17.o
                0x00004c14                USBHALHost::memInit()
 .text._ZN10USBHALHost5getEDEv
                0x00004c4c       0x5c ./USBHost/USBHost/USBHALHost_LPC17.o
                0x00004c4c                USBHALHost::getED()
 .text._ZN10USBHALHost5getTDEv
                0x00004ca8       0x5c ./USBHost/USBHost/USBHALHost_LPC17.o
                0x00004ca8                USBHALHost::getTD()
 .text._ZN10USBHALHost6freeEDEPVh
                0x00004d04       0x2c ./USBHost/USBHost/USBHALHost_LPC17.o
                0x00004d04                USBHALHost::freeED(unsigned char volatile*)
 .text._ZN10USBHALHost6freeTDEPVh
                0x00004d30       0x2c ./USBHost/USBHost/USBHALHost_LPC17.o
                0x00004d30                USBHALHost::freeTD(unsigned char volatile*)
 .text._ZN10USBHALHost12resetRootHubEv
                0x00004d5c       0x3c ./USBHost/USBHost/USBHALHost_LPC17.o
                0x00004d5c                USBHALHost::resetRootHub()
 .text._ZN10USBHALHost7_usbisrEv
                0x00004d98       0x20 ./USBHost/USBHost/USBHALHost_LPC17.o
                0x00004d98                USBHALHost::_usbisr()
 .text._ZN10USBHALHost13UsbIrqhandlerEv
                0x00004db8      0x1a4 ./USBHost/USBHost/USBHALHost_LPC17.o
                0x00004db8                USBHALHost::UsbIrqhandler()
 .text._ZN11USBEndpointC2Ev
                0x00004f5c       0x38 ./USBHost/USBHost/USBHost.o
                0x00004f5c                USBEndpoint::USBEndpoint()
                0x00004f5c                USBEndpoint::USBEndpoint()
 .text._ZN11USBEndpoint4callEv
                0x00004f94       0x1c ./USBHost/USBHost/USBHost.o
                0x00004f94                USBEndpoint::call()
 .text._ZN11USBEndpoint20setLengthTransferredEi
                0x00004fb0       0x1c ./USBHost/USBHost/USBHost.o
                0x00004fb0                USBEndpoint::setLengthTransferred(int)
 .text._ZN11USBEndpoint9setIntfNbEh
                0x00004fcc       0x20 ./USBHost/USBHost/USBHost.o
                0x00004fcc                USBEndpoint::setIntfNb(unsigned char)
 .text._ZN11USBEndpoint16getDeviceAddressEv
                0x00004fec       0x20 ./USBHost/USBHost/USBHost.o
                0x00004fec                USBEndpoint::getDeviceAddress()
 .text._ZN11USBEndpoint11getBufStartEv
                0x0000500c       0x18 ./USBHost/USBHost/USBHost.o
                0x0000500c                USBEndpoint::getBufStart()
 .text._ZN11USBEndpoint9getTDListEv
                0x00005024       0x18 ./USBHost/USBHost/USBHost.o
                0x00005024                USBEndpoint::getTDList()
 .text._ZN11USBEndpoint9getNextTDEv
                0x0000503c       0x18 ./USBHost/USBHost/USBHost.o
                0x0000503c                USBEndpoint::getNextTD()
 .text._ZN11USBEndpoint7isSetupEv
                0x00005054       0x18 ./USBHost/USBHost/USBHost.o
                0x00005054                USBEndpoint::isSetup()
 .text._ZN11USBEndpoint12nextEndpointEv
                0x0000506c       0x18 ./USBHost/USBHost/USBHost.o
                0x0000506c                USBEndpoint::nextEndpoint()
 .text._ZN11USBEndpoint9getIntfNbEv
                0x00005084       0x18 ./USBHost/USBHost/USBHost.o
                0x00005084                USBEndpoint::getIntfNb()
 .text._ZN18USBDeviceConnected10setAddressEh
                0x0000509c       0x20 ./USBHost/USBHost/USBHost.o
                0x0000509c                USBDeviceConnected::setAddress(unsigned char)
 .text._ZN18USBDeviceConnected6setVidEt
                0x000050bc       0x20 ./USBHost/USBHost/USBHost.o
                0x000050bc                USBDeviceConnected::setVid(unsigned short)
 .text._ZN18USBDeviceConnected6setPidEt
                0x000050dc       0x20 ./USBHost/USBHost/USBHost.o
                0x000050dc                USBDeviceConnected::setPid(unsigned short)
 .text._ZN18USBDeviceConnected8setClassEh
                0x000050fc       0x20 ./USBHost/USBHost/USBHost.o
                0x000050fc                USBDeviceConnected::setClass(unsigned char)
 .text._ZN18USBDeviceConnected11setSubClassEh
                0x0000511c       0x20 ./USBHost/USBHost/USBHost.o
                0x0000511c                USBDeviceConnected::setSubClass(unsigned char)
 .text._ZN18USBDeviceConnected11setProtocolEh
                0x0000513c       0x20 ./USBHost/USBHost/USBHost.o
                0x0000513c                USBDeviceConnected::setProtocol(unsigned char)
 .text._ZN18USBDeviceConnected22setSizeControlEndpointEm
                0x0000515c       0x1c ./USBHost/USBHost/USBHost.o
                0x0000515c                USBDeviceConnected::setSizeControlEndpoint(unsigned long)
 .text._ZN18USBDeviceConnected13activeAddressEb
                0x00005178       0x20 ./USBHost/USBHost/USBHost.o
                0x00005178                USBDeviceConnected::activeAddress(bool)
 .text._ZN18USBDeviceConnected13setEnumeratedEv
                0x00005198       0x1c ./USBHost/USBHost/USBHost.o
                0x00005198                USBDeviceConnected::setEnumerated()
 .text._ZN18USBDeviceConnected9setNbIntfEh
                0x000051b4       0x20 ./USBHost/USBHost/USBHost.o
                0x000051b4                USBDeviceConnected::setNbIntf(unsigned char)
 .text._ZN18USBDeviceConnected12setHubParentEP10USBHostHub
                0x000051d4       0x1c ./USBHost/USBHost/USBHost.o
                0x000051d4                USBDeviceConnected::setHubParent(USBHostHub*)
 .text._ZN18USBDeviceConnected10getAddressEv
                0x000051f0       0x18 ./USBHost/USBHost/USBHost.o
                0x000051f0                USBDeviceConnected::getAddress()
 .text._ZN18USBDeviceConnected8getClassEv
                0x00005208       0x18 ./USBHost/USBHost/USBHost.o
                0x00005208                USBDeviceConnected::getClass()
 .text._ZN18USBDeviceConnected8getSpeedEv
                0x00005220       0x18 ./USBHost/USBHost/USBHost.o
                0x00005220                USBDeviceConnected::getSpeed()
 .text._ZN18USBDeviceConnected22getSizeControlEndpointEv
                0x00005238       0x18 ./USBHost/USBHost/USBHost.o
                0x00005238                USBDeviceConnected::getSizeControlEndpoint()
 .text._ZN18USBDeviceConnected15isActiveAddressEv
                0x00005250       0x1c ./USBHost/USBHost/USBHost.o
                0x00005250                USBDeviceConnected::isActiveAddress()
 .text._ZN18USBDeviceConnected12isEnumeratedEv
                0x0000526c       0x1c ./USBHost/USBHost/USBHost.o
                0x0000526c                USBDeviceConnected::isEnumerated()
 .text._ZN18USBDeviceConnected12getHubParentEv
                0x00005288       0x18 ./USBHost/USBHost/USBHost.o
                0x00005288                USBDeviceConnected::getHubParent()
 .text._ZN18USBDeviceConnected9getNbIntfEv
                0x000052a0       0x18 ./USBHost/USBHost/USBHost.o
                0x000052a0                USBDeviceConnected::getNbIntf()
 .text._ZN18USBDeviceConnected7getNameEh
                0x000052b8       0x28 ./USBHost/USBHost/USBHost.o
                0x000052b8                USBDeviceConnected::getName(unsigned char)
 .text._ZN7USBHost11usb_processEv
                0x000052e0      0x614 ./USBHost/USBHost/USBHost.o
                0x000052e0                USBHost::usb_process()
 .text._ZN7USBHost18usb_process_staticEPKv
                0x000058f4       0x18 ./USBHost/USBHost/USBHost.o
                0x000058f4                USBHost::usb_process_static(void const*)
 .text._ZN7USBHostC2Ev
                0x0000590c      0x1e8 ./USBHost/USBHost/USBHost.o
                0x0000590c                USBHost::USBHost()
                0x0000590c                USBHost::USBHost()
 .text._ZN7USBHost4LockC2EPS_
                0x00005af4       0x30 ./USBHost/USBHost/USBHost.o
                0x00005af4                USBHost::Lock::Lock(USBHost*)
                0x00005af4                USBHost::Lock::Lock(USBHost*)
 .text._ZN7USBHost4LockD2Ev
                0x00005b24       0x24 ./USBHost/USBHost/USBHost.o
                0x00005b24                USBHost::Lock::~Lock()
                0x00005b24                USBHost::Lock::~Lock()
 .text._ZN7USBHost17transferCompletedEm
                0x00005b48      0x130 ./USBHost/USBHost/USBHost.o
                0x00005b48                USBHost::transferCompleted(unsigned long)
 .text._ZN7USBHost11getHostInstEv
                0x00005c78       0x38 ./USBHost/USBHost/USBHost.o
                0x00005c78                USBHost::getHostInst()
 .text._ZN7USBHost15deviceConnectedEiibP10USBHostHub
                0x00005cb0       0x88 ./USBHost/USBHost/USBHost.o
                0x00005cb0                USBHost::deviceConnected(int, int, bool, USBHostHub*)
 .text._ZN7USBHost18deviceDisconnectedEiiP10USBHostHubm
                0x00005d38       0x8c ./USBHost/USBHost/USBHost.o
                0x00005d38                USBHost::deviceDisconnected(int, int, USBHostHub*, unsigned long)
 .text._ZN7USBHost10freeDeviceEP18USBDeviceConnected
                0x00005dc4      0x228 ./USBHost/USBHost/USBHost.o
                0x00005dc4                USBHost::freeDevice(USBDeviceConnected*)
 .text._ZN7USBHost15unqueueEndpointEP11USBEndpoint
                0x00005fec      0x1c8 ./USBHost/USBHost/USBHost.o
                0x00005fec                USBHost::unqueueEndpoint(USBEndpoint*)
 .text._ZN7USBHost9getDeviceEh
                0x000061b4       0x4c ./USBHost/USBHost/USBHost.o
                0x000061b4                USBHost::getDevice(unsigned char)
 .text._ZN7USBHost11newEndpointE13ENDPOINT_TYPE18ENDPOINT_DIRECTIONmh
                0x00006200       0xe0 ./USBHost/USBHost/USBHost.o
                0x00006200                USBHost::newEndpoint(ENDPOINT_TYPE, ENDPOINT_DIRECTION, unsigned long, unsigned char)
 .text._ZN7USBHost11resetDeviceEP18USBDeviceConnected
                0x000062e0       0x80 ./USBHost/USBHost/USBHost.o
                0x000062e0                USBHost::resetDevice(USBDeviceConnected*)
 .text._ZN7USBHost11addEndpointEP18USBDeviceConnectedhP11USBEndpoint
                0x00006360      0x1c4 ./USBHost/USBHost/USBHost.o
                0x00006360                USBHost::addEndpoint(USBDeviceConnected*, unsigned char, USBEndpoint*)
 .text._ZN7USBHost10findDeviceEP18USBDeviceConnected
                0x00006524       0x48 ./USBHost/USBHost/USBHost.o
                0x00006524                USBHost::findDevice(USBDeviceConnected*)
 .text._ZN7USBHost10findDeviceEhhP10USBHostHub
                0x0000656c       0xbc ./USBHost/USBHost/USBHost.o
                0x0000656c                USBHost::findDevice(unsigned char, unsigned char, USBHostHub*)
 .text._ZN7USBHost9printListE13ENDPOINT_TYPE
                0x00006628       0x18 ./USBHost/USBHost/USBHost.o
                0x00006628                USBHost::printList(ENDPOINT_TYPE)
 .text._ZN7USBHost11addTransferEP11USBEndpointPhm
                0x00006640      0x100 ./USBHost/USBHost/USBHost.o
                0x00006640                USBHost::addTransfer(USBEndpoint*, unsigned char*, unsigned long)
 .text._ZN7USBHost19getDeviceDescriptorEP18USBDeviceConnectedPhtPt
                0x00006740       0x58 ./USBHost/USBHost/USBHost.o
                0x00006740                USBHost::getDeviceDescriptor(USBDeviceConnected*, unsigned char*, unsigned short, unsigned short*)
 .text._ZN7USBHost26getConfigurationDescriptorEP18USBDeviceConnectedPhtPt
                0x00006798       0xb0 ./USBHost/USBHost/USBHost.o
                0x00006798                USBHost::getConfigurationDescriptor(USBDeviceConnected*, unsigned char*, unsigned short, unsigned short*)
 .text._ZN7USBHost10setAddressEP18USBDeviceConnectedh
                0x00006848       0x34 ./USBHost/USBHost/USBHost.o
                0x00006848                USBHost::setAddress(USBDeviceConnected*, unsigned char)
 .text._ZN7USBHost16setConfigurationEP18USBDeviceConnectedh
                0x0000687c       0x34 ./USBHost/USBHost/USBHost.o
                0x0000687c                USBHost::setConfiguration(USBDeviceConnected*, unsigned char)
 .text._ZN7USBHost20numberDriverAttachedEP18USBDeviceConnected
                0x000068b0       0x60 ./USBHost/USBHost/USBHost.o
                0x000068b0                USBHost::numberDriverAttached(USBDeviceConnected*)
 .text._ZN7USBHost9enumerateEP18USBDeviceConnectedP14IUSBEnumerator
                0x00006910      0x1f8 ./USBHost/USBHost/USBHost.o
                0x00006910                USBHost::enumerate(USBDeviceConnected*, IUSBEnumerator*)
 .text._ZN7USBHost14parseConfDescrEP18USBDeviceConnectedPhmP14IUSBEnumerator
                0x00006b08      0x2a4 ./USBHost/USBHost/USBHost.o
                0x00006b08                USBHost::parseConfDescr(USBDeviceConnected*, unsigned char*, unsigned long, IUSBEnumerator*)
 .text._ZN7USBHost14interruptWriteEP18USBDeviceConnectedP11USBEndpointPhmb
                0x00006dac       0x34 ./USBHost/USBHost/USBHost.o
                0x00006dac                USBHost::interruptWrite(USBDeviceConnected*, USBEndpoint*, unsigned char*, unsigned long, bool)
 .text._ZN7USBHost13interruptReadEP18USBDeviceConnectedP11USBEndpointPhmb
                0x00006de0       0x34 ./USBHost/USBHost/USBHost.o
                0x00006de0                USBHost::interruptRead(USBDeviceConnected*, USBEndpoint*, unsigned char*, unsigned long, bool)
 .text._ZN7USBHost15generalTransferEP18USBDeviceConnectedP11USBEndpointPhmb13ENDPOINT_TYPEb
                0x00006e14      0x1a0 ./USBHost/USBHost/USBHost.o
                0x00006e14                USBHost::generalTransfer(USBDeviceConnected*, USBEndpoint*, unsigned char*, unsigned long, bool, ENDPOINT_TYPE, bool)
 .text._ZN7USBHost11controlReadEP18USBDeviceConnectedhhmmPhm
                0x00006fb4       0x44 ./USBHost/USBHost/USBHost.o
                0x00006fb4                USBHost::controlRead(USBDeviceConnected*, unsigned char, unsigned char, unsigned long, unsigned long, unsigned char*, unsigned long)
 .text._ZN7USBHost12controlWriteEP18USBDeviceConnectedhhmmPhm
                0x00006ff8       0x44 ./USBHost/USBHost/USBHost.o
                0x00006ff8                USBHost::controlWrite(USBDeviceConnected*, unsigned char, unsigned char, unsigned long, unsigned long, unsigned char*, unsigned long)
 .text._ZN7USBHost15controlTransferEP18USBDeviceConnectedhhmmPhmb
                0x0000703c      0x228 ./USBHost/USBHost/USBHost.o
                0x0000703c                USBHost::controlTransfer(USBDeviceConnected*, unsigned char, unsigned char, unsigned long, unsigned long, unsigned char*, unsigned long, bool)
 .text._ZN7USBHost14fillControlBufEhhtti
                0x00007264       0x94 ./USBHost/USBHost/USBHost.o
                0x00007264                USBHost::fillControlBuf(unsigned char, unsigned char, unsigned short, unsigned short, int)
 .text._ZN4rtos5QueueIhLm1EEC2Ev
                0x000072f8       0x54 ./USBHost/USBHost/USBHost.o
                0x000072f8                rtos::Queue<unsigned char, 1ul>::Queue()
                0x000072f8                rtos::Queue<unsigned char, 1ul>::Queue()
 .text._ZN4rtos4MailIN7USBHost9message_tELm10EE3getEm
                0x0000734c       0x24 ./USBHost/USBHost/USBHost.o
                0x0000734c                rtos::Mail<USBHost::message_t, 10ul>::get(unsigned long)
 .text._ZN4rtos4MailIN7USBHost9message_tELm10EE4freeEPS2_
                0x00007370       0x20 ./USBHost/USBHost/USBHost.o
                0x00007370                rtos::Mail<USBHost::message_t, 10ul>::free(USBHost::message_t*)
 .text._ZN4rtos4MailIN7USBHost9message_tELm10EEC2Ev
                0x00007390       0x70 ./USBHost/USBHost/USBHost.o
                0x00007390                rtos::Mail<USBHost::message_t, 10ul>::Mail()
                0x00007390                rtos::Mail<USBHost::message_t, 10ul>::Mail()
 .text._ZN4rtos4MailIN7USBHost9message_tELm10EE5allocEm
                0x00007400       0x20 ./USBHost/USBHost/USBHost.o
                0x00007400                rtos::Mail<USBHost::message_t, 10ul>::alloc(unsigned long)
 .text._ZN4rtos4MailIN7USBHost9message_tELm10EE3putEPS2_
                0x00007420       0x20 ./USBHost/USBHost/USBHost.o
                0x00007420                rtos::Mail<USBHost::message_t, 10ul>::put(USBHost::message_t*)
 .text._ZN4rtos5QueueIhLm1EE3putEPhm
                0x00007440       0x24 ./USBHost/USBHost/USBHost.o
                0x00007440                rtos::Queue<unsigned char, 1ul>::put(unsigned char*, unsigned long)
 .text._ZN4rtos5QueueIhLm1EE3getEm
                0x00007464       0x24 ./USBHost/USBHost/USBHost.o
                0x00007464                rtos::Queue<unsigned char, 1ul>::get(unsigned long)
 .text._ZN4mbed6PwmOutC2E7PinName
                0x00007488       0x20 ./Servo/Servo.o
                0x00007488                mbed::PwmOut::PwmOut(PinName)
                0x00007488                mbed::PwmOut::PwmOut(PinName)
 .text.gpio_write
                0x000074a8       0x4c ./main.o
 .text.gpio_read
                0x000074f4       0x44 ./main.o
 .text._ZN4mbed10DigitalOutC2E7PinName
                0x00007538       0x30 ./main.o
                0x00007538                mbed::DigitalOut::DigitalOut(PinName)
                0x00007538                mbed::DigitalOut::DigitalOut(PinName)
 .text._ZN4mbed10DigitalOut5writeEi
                0x00007568       0x1c ./main.o
                0x00007568                mbed::DigitalOut::write(int)
 .text._ZN4mbed10DigitalOut4readEv
                0x00007584       0x1c ./main.o
                0x00007584                mbed::DigitalOut::read()
 .text._ZN4mbed10DigitalOutaSEi
                0x000075a0       0x1c ./main.o
                0x000075a0                mbed::DigitalOut::operator=(int)
 .text._ZN4mbed10DigitalOutcviEv
                0x000075bc       0x18 ./main.o
                0x000075bc                mbed::DigitalOut::operator int()
 .text._ZN4mbed6PwmOut5writeEf
                0x000075d4       0x1c ./main.o
                0x000075d4                mbed::PwmOut::write(float)
 .text._ZN4mbed6PwmOut9period_usEi
                0x000075f0       0x1c ./main.o
                0x000075f0                mbed::PwmOut::period_us(int)
 .text._ZN4mbed6PwmOutaSEf
                0x0000760c       0x1c ./main.o
                0x0000760c                mbed::PwmOut::operator=(float)
 .text._ZN11USBHostXpad11attachEventEPFviiiiiiiE
                0x00007628       0x20 ./main.o
                0x00007628                USBHostXpad::attachEvent(void (*)(int, int, int, int, int, int, int))
 .text._Z9translatefffff
                0x00007648       0x58 ./main.o
                0x00007648                translate(float, float, float, float, float)
 .text._Z11onXpadEventiiiiiii
                0x000076a0      0x274 ./main.o
                0x000076a0                onXpadEvent(int, int, int, int, int, int, int)
 .text._Z9xpad_taskPKv
                0x00007914       0xfc ./main.o
                0x00007914                xpad_task(void const*)
 .text.main     0x00007a10      0x168 ./main.o
                0x00007a10                main
 .text._Z41__static_initialization_and_destruction_0ii
                0x00007b78       0xe4 ./main.o
 .text._GLOBAL__sub_I_poll
                0x00007c5c       0x10 ./main.o
 .text.mbed_die
                0x00007c6c      0x10c /home/andrea/Dropbox/Andrea_Workspaces/CMSIS/Robot_5_xbox_360/mbed/TARGET_LPC1768/TOOLCHAIN_GCC_CR/board.o
                0x00007c6c                mbed_die
 .text._Znwj    0x00007d78        0x4 /home/andrea/Dropbox/Andrea_Workspaces/CMSIS/Robot_5_xbox_360/mbed/TARGET_LPC1768/TOOLCHAIN_GCC_CR/startup_LPC17xx.o
                0x00007d78                operator new(unsigned int)
 .text._Znaj    0x00007d7c        0x4 /home/andrea/Dropbox/Andrea_Workspaces/CMSIS/Robot_5_xbox_360/mbed/TARGET_LPC1768/TOOLCHAIN_GCC_CR/startup_LPC17xx.o
                0x00007d7c                operator new[](unsigned int)
 .text._ZdlPv   0x00007d80        0x4 /home/andrea/Dropbox/Andrea_Workspaces/CMSIS/Robot_5_xbox_360/mbed/TARGET_LPC1768/TOOLCHAIN_GCC_CR/startup_LPC17xx.o
                0x00007d80                operator delete(void*)
 .text._ZdaPv   0x00007d84        0x4 /home/andrea/Dropbox/Andrea_Workspaces/CMSIS/Robot_5_xbox_360/mbed/TARGET_LPC1768/TOOLCHAIN_GCC_CR/startup_LPC17xx.o
                0x00007d84                operator delete[](void*)
 .text.NVIC_SetVector
                0x00007d88       0x3c /home/andrea/Dropbox/Andrea_Workspaces/CMSIS/Robot_5_xbox_360/mbed/TARGET_LPC1768/TOOLCHAIN_GCC_CR/cmsis_nvic.o
                0x00007d88                NVIC_SetVector
 .text._ZL11init_serialv.part.0
                0x00007dc4       0x18 /home/andrea/Dropbox/Andrea_Workspaces/CMSIS/Robot_5_xbox_360/mbed/TARGET_LPC1768/TOOLCHAIN_GCC_CR/retarget.o
 .text._close   0x00007ddc       0x2c /home/andrea/Dropbox/Andrea_Workspaces/CMSIS/Robot_5_xbox_360/mbed/TARGET_LPC1768/TOOLCHAIN_GCC_CR/retarget.o
                0x00007ddc                _close
 .text._write   0x00007e08       0x50 /home/andrea/Dropbox/Andrea_Workspaces/CMSIS/Robot_5_xbox_360/mbed/TARGET_LPC1768/TOOLCHAIN_GCC_CR/retarget.o
                0x00007e08                _write
 .text._read    0x00007e58       0x4c /home/andrea/Dropbox/Andrea_Workspaces/CMSIS/Robot_5_xbox_360/mbed/TARGET_LPC1768/TOOLCHAIN_GCC_CR/retarget.o
                0x00007e58                _read
 .text._isatty  0x00007ea4       0x28 /home/andrea/Dropbox/Andrea_Workspaces/CMSIS/Robot_5_xbox_360/mbed/TARGET_LPC1768/TOOLCHAIN_GCC_CR/retarget.o
                0x00007ea4                _isatty
 .text._lseek   0x00007ecc       0x28 /home/andrea/Dropbox/Andrea_Workspaces/CMSIS/Robot_5_xbox_360/mbed/TARGET_LPC1768/TOOLCHAIN_GCC_CR/retarget.o
                0x00007ecc                _lseek
 .text._fstat   0x00007ef4       0x20 /home/andrea/Dropbox/Andrea_Workspaces/CMSIS/Robot_5_xbox_360/mbed/TARGET_LPC1768/TOOLCHAIN_GCC_CR/retarget.o
                0x00007ef4                _fstat
 .text.exit     0x00007f14       0x30 /home/andrea/Dropbox/Andrea_Workspaces/CMSIS/Robot_5_xbox_360/mbed/TARGET_LPC1768/TOOLCHAIN_GCC_CR/retarget.o
                0x00007f14                exit
 .text.__cxa_pure_virtual
                0x00007f44        0x8 /home/andrea/Dropbox/Andrea_Workspaces/CMSIS/Robot_5_xbox_360/mbed/TARGET_LPC1768/TOOLCHAIN_GCC_CR/retarget.o
                0x00007f44                __cxa_pure_virtual
 .text.SystemInit
                0x00007f4c       0xb8 /home/andrea/Dropbox/Andrea_Workspaces/CMSIS/Robot_5_xbox_360/mbed/TARGET_LPC1768/TOOLCHAIN_GCC_CR/system_LPC17xx.o
                0x00007f4c                SystemInit
 .text.pwmout_write
                0x00008004       0x5c /home/andrea/Dropbox/Andrea_Workspaces/CMSIS/Robot_5_xbox_360/mbed/TARGET_LPC1768/TOOLCHAIN_GCC_CR/libmbed.a(pwmout_api.o)
                0x00008004                pwmout_write
 .text.pwmout_period_us
                0x00008060       0x44 /home/andrea/Dropbox/Andrea_Workspaces/CMSIS/Robot_5_xbox_360/mbed/TARGET_LPC1768/TOOLCHAIN_GCC_CR/libmbed.a(pwmout_api.o)
                0x00008060                pwmout_period_us
 .text.pwmout_init
                0x000080a4       0xd8 /home/andrea/Dropbox/Andrea_Workspaces/CMSIS/Robot_5_xbox_360/mbed/TARGET_LPC1768/TOOLCHAIN_GCC_CR/libmbed.a(pwmout_api.o)
                0x000080a4                pwmout_init
 .text.uart2_irq
                0x0000817c       0x64 /home/andrea/Dropbox/Andrea_Workspaces/CMSIS/Robot_5_xbox_360/mbed/TARGET_LPC1768/TOOLCHAIN_GCC_CR/libmbed.a(serial_api.o)
                0x0000817c                uart2_irq
 .text.serial_irq_set_internal
                0x000081e0       0xcc /home/andrea/Dropbox/Andrea_Workspaces/CMSIS/Robot_5_xbox_360/mbed/TARGET_LPC1768/TOOLCHAIN_GCC_CR/libmbed.a(serial_api.o)
 .text.uart0_irq
                0x000082ac       0x64 /home/andrea/Dropbox/Andrea_Workspaces/CMSIS/Robot_5_xbox_360/mbed/TARGET_LPC1768/TOOLCHAIN_GCC_CR/libmbed.a(serial_api.o)
                0x000082ac                uart0_irq
 .text.uart3_irq
                0x00008310       0x6c /home/andrea/Dropbox/Andrea_Workspaces/CMSIS/Robot_5_xbox_360/mbed/TARGET_LPC1768/TOOLCHAIN_GCC_CR/libmbed.a(serial_api.o)
                0x00008310                uart3_irq
 .text.uart1_irq
                0x0000837c       0x64 /home/andrea/Dropbox/Andrea_Workspaces/CMSIS/Robot_5_xbox_360/mbed/TARGET_LPC1768/TOOLCHAIN_GCC_CR/libmbed.a(serial_api.o)
                0x0000837c                uart1_irq
 .text.serial_baud
                0x000083e0      0x244 /home/andrea/Dropbox/Andrea_Workspaces/CMSIS/Robot_5_xbox_360/mbed/TARGET_LPC1768/TOOLCHAIN_GCC_CR/libmbed.a(serial_api.o)
                0x000083e0                serial_baud
 .text.serial_format
                0x00008624       0x78 /home/andrea/Dropbox/Andrea_Workspaces/CMSIS/Robot_5_xbox_360/mbed/TARGET_LPC1768/TOOLCHAIN_GCC_CR/libmbed.a(serial_api.o)
                0x00008624                serial_format
 .text.serial_getc
                0x0000869c       0x38 /home/andrea/Dropbox/Andrea_Workspaces/CMSIS/Robot_5_xbox_360/mbed/TARGET_LPC1768/TOOLCHAIN_GCC_CR/libmbed.a(serial_api.o)
                0x0000869c                serial_getc
 .text.serial_writable
                0x000086d4       0x74 /home/andrea/Dropbox/Andrea_Workspaces/CMSIS/Robot_5_xbox_360/mbed/TARGET_LPC1768/TOOLCHAIN_GCC_CR/libmbed.a(serial_api.o)
                0x000086d4                serial_writable
 .text.serial_putc
                0x00008748       0x34 /home/andrea/Dropbox/Andrea_Workspaces/CMSIS/Robot_5_xbox_360/mbed/TARGET_LPC1768/TOOLCHAIN_GCC_CR/libmbed.a(serial_api.o)
                0x00008748                serial_putc
 .text.serial_set_flow_control
                0x0000877c      0x12c /home/andrea/Dropbox/Andrea_Workspaces/CMSIS/Robot_5_xbox_360/mbed/TARGET_LPC1768/TOOLCHAIN_GCC_CR/libmbed.a(serial_api.o)
                0x0000877c                serial_set_flow_control
 .text.serial_init
                0x000088a8      0x1bc /home/andrea/Dropbox/Andrea_Workspaces/CMSIS/Robot_5_xbox_360/mbed/TARGET_LPC1768/TOOLCHAIN_GCC_CR/libmbed.a(serial_api.o)
                0x000088a8                serial_init
 .text.mbed_assert_internal
                0x00008a64       0x18 /home/andrea/Dropbox/Andrea_Workspaces/CMSIS/Robot_5_xbox_360/mbed/TARGET_LPC1768/TOOLCHAIN_GCC_CR/libmbed.a(assert.o)
                0x00008a64                mbed_assert_internal
 .text.error    0x00008a7c       0x24 /home/andrea/Dropbox/Andrea_Workspaces/CMSIS/Robot_5_xbox_360/mbed/TARGET_LPC1768/TOOLCHAIN_GCC_CR/libmbed.a(error.o)
                0x00008a7c                error
 .text.gpio_init_in
                0x00008aa0       0x24 /home/andrea/Dropbox/Andrea_Workspaces/CMSIS/Robot_5_xbox_360/mbed/TARGET_LPC1768/TOOLCHAIN_GCC_CR/libmbed.a(gpio.o)
                0x00008aa0                gpio_init_in
 .text.gpio_init_out
                0x00008ac4       0x44 /home/andrea/Dropbox/Andrea_Workspaces/CMSIS/Robot_5_xbox_360/mbed/TARGET_LPC1768/TOOLCHAIN_GCC_CR/libmbed.a(gpio.o)
                0x00008ac4                gpio_init_out
 .text.gpio_init_out_ex
                0x00008b08       0x54 /home/andrea/Dropbox/Andrea_Workspaces/CMSIS/Robot_5_xbox_360/mbed/TARGET_LPC1768/TOOLCHAIN_GCC_CR/libmbed.a(gpio.o)
                0x00008b08                gpio_init_out_ex
 .text.mbed_interface_connected
                0x00008b5c        0x4 /home/andrea/Dropbox/Andrea_Workspaces/CMSIS/Robot_5_xbox_360/mbed/TARGET_LPC1768/TOOLCHAIN_GCC_CR/libmbed.a(mbed_interface.o)
                0x00008b5c                mbed_interface_connected
 .text.pinmap_pinout
                0x00008b60       0x40 /home/andrea/Dropbox/Andrea_Workspaces/CMSIS/Robot_5_xbox_360/mbed/TARGET_LPC1768/TOOLCHAIN_GCC_CR/libmbed.a(pinmap_common.o)
                0x00008b60                pinmap_pinout
 .text.pinmap_merge
                0x00008ba0       0x24 /home/andrea/Dropbox/Andrea_Workspaces/CMSIS/Robot_5_xbox_360/mbed/TARGET_LPC1768/TOOLCHAIN_GCC_CR/libmbed.a(pinmap_common.o)
                0x00008ba0                pinmap_merge
 .text.pinmap_find_peripheral
                0x00008bc4       0x1c /home/andrea/Dropbox/Andrea_Workspaces/CMSIS/Robot_5_xbox_360/mbed/TARGET_LPC1768/TOOLCHAIN_GCC_CR/libmbed.a(pinmap_common.o)
                0x00008bc4                pinmap_find_peripheral
 .text.pinmap_peripheral
                0x00008be0       0x34 /home/andrea/Dropbox/Andrea_Workspaces/CMSIS/Robot_5_xbox_360/mbed/TARGET_LPC1768/TOOLCHAIN_GCC_CR/libmbed.a(pinmap_common.o)
                0x00008be0                pinmap_peripheral
 .text.semihost_exit
                0x00008c14       0x18 /home/andrea/Dropbox/Andrea_Workspaces/CMSIS/Robot_5_xbox_360/mbed/TARGET_LPC1768/TOOLCHAIN_GCC_CR/libmbed.a(semihost_api.o)
                0x00008c14                semihost_exit
 .text.semihost_connected
                0x00008c2c       0x10 /home/andrea/Dropbox/Andrea_Workspaces/CMSIS/Robot_5_xbox_360/mbed/TARGET_LPC1768/TOOLCHAIN_GCC_CR/libmbed.a(semihost_api.o)
                0x00008c2c                semihost_connected
 .text.wait_us  0x00008c3c       0x18 /home/andrea/Dropbox/Andrea_Workspaces/CMSIS/Robot_5_xbox_360/mbed/TARGET_LPC1768/TOOLCHAIN_GCC_CR/libmbed.a(wait_api.o)
                0x00008c3c                wait_us
 .text.wait_ms  0x00008c54        0xc /home/andrea/Dropbox/Andrea_Workspaces/CMSIS/Robot_5_xbox_360/mbed/TARGET_LPC1768/TOOLCHAIN_GCC_CR/libmbed.a(wait_api.o)
                0x00008c54                wait_ms
 .text.gpio_set
                0x00008c60       0x30 /home/andrea/Dropbox/Andrea_Workspaces/CMSIS/Robot_5_xbox_360/mbed/TARGET_LPC1768/TOOLCHAIN_GCC_CR/libmbed.a(gpio_api.o)
                0x00008c60                gpio_set
 .text.gpio_init
                0x00008c90       0x30 /home/andrea/Dropbox/Andrea_Workspaces/CMSIS/Robot_5_xbox_360/mbed/TARGET_LPC1768/TOOLCHAIN_GCC_CR/libmbed.a(gpio_api.o)
                0x00008c90                gpio_init
 .text.gpio_mode
                0x00008cc0        0x8 /home/andrea/Dropbox/Andrea_Workspaces/CMSIS/Robot_5_xbox_360/mbed/TARGET_LPC1768/TOOLCHAIN_GCC_CR/libmbed.a(gpio_api.o)
                0x00008cc0                gpio_mode
 .text.gpio_dir
                0x00008cc8       0x44 /home/andrea/Dropbox/Andrea_Workspaces/CMSIS/Robot_5_xbox_360/mbed/TARGET_LPC1768/TOOLCHAIN_GCC_CR/libmbed.a(gpio_api.o)
                0x00008cc8                gpio_dir
 .text.pin_function
                0x00008d0c       0x50 /home/andrea/Dropbox/Andrea_Workspaces/CMSIS/Robot_5_xbox_360/mbed/TARGET_LPC1768/TOOLCHAIN_GCC_CR/libmbed.a(pinmap.o)
                0x00008d0c                pin_function
 .text.pin_mode
                0x00008d5c       0x78 /home/andrea/Dropbox/Andrea_Workspaces/CMSIS/Robot_5_xbox_360/mbed/TARGET_LPC1768/TOOLCHAIN_GCC_CR/libmbed.a(pinmap.o)
                0x00008d5c                pin_mode
 .text.us_ticker_init
                0x00008dd4       0x68 /home/andrea/Dropbox/Andrea_Workspaces/CMSIS/Robot_5_xbox_360/mbed/TARGET_LPC1768/TOOLCHAIN_GCC_CR/libmbed.a(us_ticker.o)
                0x00008dd4                us_ticker_init
 .text.us_ticker_read
                0x00008e3c       0x1c /home/andrea/Dropbox/Andrea_Workspaces/CMSIS/Robot_5_xbox_360/mbed/TARGET_LPC1768/TOOLCHAIN_GCC_CR/libmbed.a(us_ticker.o)
                0x00008e3c                us_ticker_read
 .text.us_ticker_set_interrupt
                0x00008e58       0x14 /home/andrea/Dropbox/Andrea_Workspaces/CMSIS/Robot_5_xbox_360/mbed/TARGET_LPC1768/TOOLCHAIN_GCC_CR/libmbed.a(us_ticker.o)
                0x00008e58                us_ticker_set_interrupt
 .text.us_ticker_disable_interrupt
                0x00008e6c       0x10 /home/andrea/Dropbox/Andrea_Workspaces/CMSIS/Robot_5_xbox_360/mbed/TARGET_LPC1768/TOOLCHAIN_GCC_CR/libmbed.a(us_ticker.o)
                0x00008e6c                us_ticker_disable_interrupt
 .text.us_ticker_clear_interrupt
                0x00008e7c        0xc /home/andrea/Dropbox/Andrea_Workspaces/CMSIS/Robot_5_xbox_360/mbed/TARGET_LPC1768/TOOLCHAIN_GCC_CR/libmbed.a(us_ticker.o)
                0x00008e7c                us_ticker_clear_interrupt
 .text.us_ticker_irq_handler
                0x00008e88        0xc /home/andrea/Dropbox/Andrea_Workspaces/CMSIS/Robot_5_xbox_360/mbed/TARGET_LPC1768/TOOLCHAIN_GCC_CR/libmbed.a(us_ticker_api.o)
                0x00008e88                us_ticker_irq_handler
 .text.ticker_irq_handler
                0x00008e94       0x48 /home/andrea/Dropbox/Andrea_Workspaces/CMSIS/Robot_5_xbox_360/mbed/TARGET_LPC1768/TOOLCHAIN_GCC_CR/libmbed.a(ticker_api.o)
                0x00008e94                ticker_irq_handler
 .text          0x00008edc      0x370 /usr/local/lpcxpresso_8.2.2_650/lpcxpresso/tools/bin/../lib/gcc/arm-none-eabi/5.4.1/armv7-m/libgcc.a(_arm_addsubdf3.o)
                0x00008edc                __aeabi_drsub
                0x00008ee4                __aeabi_dsub
                0x00008ee4                __subdf3
                0x00008ee8                __adddf3
                0x00008ee8                __aeabi_dadd
                0x00009160                __aeabi_ui2d
                0x00009160                __floatunsidf
                0x00009180                __floatsidf
                0x00009180                __aeabi_i2d
                0x000091a4                __extendsfdf2
                0x000091a4                __aeabi_f2d
                0x000091e0                __aeabi_ul2d
                0x000091e0                __floatundidf
                0x000091f0                __floatdidf
                0x000091f0                __aeabi_l2d
 .text          0x0000924c      0x424 /usr/local/lpcxpresso_8.2.2_650/lpcxpresso/tools/bin/../lib/gcc/arm-none-eabi/5.4.1/armv7-m/libgcc.a(_arm_muldivdf3.o)
                0x0000924c                __aeabi_dmul
                0x0000924c                __muldf3
                0x000094a0                __aeabi_ddiv
                0x000094a0                __divdf3
 .text          0x00009670      0x21c /usr/local/lpcxpresso_8.2.2_650/lpcxpresso/tools/bin/../lib/gcc/arm-none-eabi/5.4.1/armv7-m/libgcc.a(_arm_addsubsf3.o)
                0x00009670                __aeabi_frsub
                0x00009678                __subsf3
                0x00009678                __aeabi_fsub
                0x0000967c                __aeabi_fadd
                0x0000967c                __addsf3
                0x000097dc                __aeabi_ui2f
                0x000097dc                __floatunsisf
                0x000097e4                __aeabi_i2f
                0x000097e4                __floatsisf
                0x00009800                __floatundisf
                0x00009800                __aeabi_ul2f
                0x00009810                __floatdisf
                0x00009810                __aeabi_l2f
 .text          0x0000988c      0x2a0 /usr/local/lpcxpresso_8.2.2_650/lpcxpresso/tools/bin/../lib/gcc/arm-none-eabi/5.4.1/armv7-m/libgcc.a(_arm_muldivsf3.o)
                0x0000988c                __mulsf3
                0x0000988c                __aeabi_fmul
                0x000099f4                __divsf3
                0x000099f4                __aeabi_fdiv
 .text          0x00009b2c       0xec /usr/local/lpcxpresso_8.2.2_650/lpcxpresso/tools/bin/../lib/gcc/arm-none-eabi/5.4.1/armv7-m/libgcc.a(_arm_cmpsf2.o)
                0x00009b2c                __gtsf2
                0x00009b2c                __gesf2
                0x00009b34                __lesf2
                0x00009b34                __ltsf2
                0x00009b3c                __nesf2
                0x00009b3c                __eqsf2
                0x00009b3c                __cmpsf2
                0x00009b9c                __aeabi_cfrcmple
                0x00009ba4                __aeabi_cfcmple
                0x00009ba4                __aeabi_cfcmpeq
                0x00009bb4                __aeabi_fcmpeq
                0x00009bc8                __aeabi_fcmplt
                0x00009bdc                __aeabi_fcmple
                0x00009bf0                __aeabi_fcmpge
                0x00009c04                __aeabi_fcmpgt
 .text          0x00009c18       0x40 /usr/local/lpcxpresso_8.2.2_650/lpcxpresso/tools/bin/../lib/gcc/arm-none-eabi/5.4.1/armv7-m/libgcc.a(_arm_fixunssfsi.o)
                0x00009c18                __aeabi_f2uiz
                0x00009c18                __fixunssfsi
 .text          0x00009c58       0x30 /usr/local/lpcxpresso_8.2.2_650/lpcxpresso/tools/bin/../lib/gcc/arm-none-eabi/5.4.1/armv7-m/libgcc.a(_aeabi_uldivmod.o)
                0x00009c58                __aeabi_uldivmod
 .text          0x00009c88      0x2ec /usr/local/lpcxpresso_8.2.2_650/lpcxpresso/tools/bin/../lib/gcc/arm-none-eabi/5.4.1/armv7-m/libgcc.a(_udivmoddi4.o)
                0x00009c88                __udivmoddi4
 .text          0x00009f74        0x4 /usr/local/lpcxpresso_8.2.2_650/lpcxpresso/tools/bin/../lib/gcc/arm-none-eabi/5.4.1/armv7-m/libgcc.a(_dvmd_tls.o)
                0x00009f74                __aeabi_ldiv0
                0x00009f74                __aeabi_idiv0
 .text.abs      0x00009f78        0x8 /usr/local/lpcxpresso_8.2.2_650/lpcxpresso/tools/bin/../lib/gcc/arm-none-eabi/5.4.1/../../../../arm-none-eabi/lib/armv7-m/libc.a(lib_a-abs.o)
                0x00009f78                abs
 .text.atexit   0x00009f80        0xc /usr/local/lpcxpresso_8.2.2_650/lpcxpresso/tools/bin/../lib/gcc/arm-none-eabi/5.4.1/../../../../arm-none-eabi/lib/armv7-m/libc.a(lib_a-atexit.o)
                0x00009f80                atexit
 .text.__errno  0x00009f8c        0xc /usr/local/lpcxpresso_8.2.2_650/lpcxpresso/tools/bin/../lib/gcc/arm-none-eabi/5.4.1/../../../../arm-none-eabi/lib/armv7-m/libc.a(lib_a-errno.o)
                0x00009f8c                __errno
 .text._fclose_r
                0x00009f98       0x84 /usr/local/lpcxpresso_8.2.2_650/lpcxpresso/tools/bin/../lib/gcc/arm-none-eabi/5.4.1/../../../../arm-none-eabi/lib/armv7-m/libc.a(lib_a-fclose.o)
                0x00009f98                _fclose_r
 .text.__sflush_r
                0x0000a01c      0x148 /usr/local/lpcxpresso_8.2.2_650/lpcxpresso/tools/bin/../lib/gcc/arm-none-eabi/5.4.1/../../../../arm-none-eabi/lib/armv7-m/libc.a(lib_a-fflush.o)
                0x0000a01c                __sflush_r
 .text._fflush_r
                0x0000a164       0x2c /usr/local/lpcxpresso_8.2.2_650/lpcxpresso/tools/bin/../lib/gcc/arm-none-eabi/5.4.1/../../../../arm-none-eabi/lib/armv7-m/libc.a(lib_a-fflush.o)
                0x0000a164                _fflush_r
 .text.fflush   0x0000a190       0x24 /usr/local/lpcxpresso_8.2.2_650/lpcxpresso/tools/bin/../lib/gcc/arm-none-eabi/5.4.1/../../../../arm-none-eabi/lib/armv7-m/libc.a(lib_a-fflush.o)
                0x0000a190                fflush
 .text._cleanup_r
                0x0000a1b4        0xc /usr/local/lpcxpresso_8.2.2_650/lpcxpresso/tools/bin/../lib/gcc/arm-none-eabi/5.4.1/../../../../arm-none-eabi/lib/armv7-m/libc.a(lib_a-findfp.o)
                0x0000a1b4                _cleanup_r
 .text.__sinit.part.1
                0x0000a1c0       0xf0 /usr/local/lpcxpresso_8.2.2_650/lpcxpresso/tools/bin/../lib/gcc/arm-none-eabi/5.4.1/../../../../arm-none-eabi/lib/armv7-m/libc.a(lib_a-findfp.o)
 .text.__sinit  0x0000a2b0        0xc /usr/local/lpcxpresso_8.2.2_650/lpcxpresso/tools/bin/../lib/gcc/arm-none-eabi/5.4.1/../../../../arm-none-eabi/lib/armv7-m/libc.a(lib_a-findfp.o)
                0x0000a2b0                __sinit
 .text.__sfp_lock_acquire
                0x0000a2bc        0x4 /usr/local/lpcxpresso_8.2.2_650/lpcxpresso/tools/bin/../lib/gcc/arm-none-eabi/5.4.1/../../../../arm-none-eabi/lib/armv7-m/libc.a(lib_a-findfp.o)
                0x0000a2bc                __sfp_lock_acquire
 .text.__sfp_lock_release
                0x0000a2c0        0x4 /usr/local/lpcxpresso_8.2.2_650/lpcxpresso/tools/bin/../lib/gcc/arm-none-eabi/5.4.1/../../../../arm-none-eabi/lib/armv7-m/libc.a(lib_a-findfp.o)
                0x0000a2c0                __sfp_lock_release
 .text.__libc_fini_array
                0x0000a2c4       0x28 /usr/local/lpcxpresso_8.2.2_650/lpcxpresso/tools/bin/../lib/gcc/arm-none-eabi/5.4.1/../../../../arm-none-eabi/lib/armv7-m/libc.a(lib_a-fini.o)
                0x0000a2c4                __libc_fini_array
 .text.fputc    0x0000a2ec       0x28 /usr/local/lpcxpresso_8.2.2_650/lpcxpresso/tools/bin/../lib/gcc/arm-none-eabi/5.4.1/../../../../arm-none-eabi/lib/armv7-m/libc.a(lib_a-fputc.o)
                0x0000a2ec                fputc
 .text._fputs_r
                0x0000a314       0x50 /usr/local/lpcxpresso_8.2.2_650/lpcxpresso/tools/bin/../lib/gcc/arm-none-eabi/5.4.1/../../../../arm-none-eabi/lib/armv7-m/libc.a(lib_a-fputs.o)
                0x0000a314                _fputs_r
 .text.fputs    0x0000a364       0x10 /usr/local/lpcxpresso_8.2.2_650/lpcxpresso/tools/bin/../lib/gcc/arm-none-eabi/5.4.1/../../../../arm-none-eabi/lib/armv7-m/libc.a(lib_a-fputs.o)
                0x0000a364                fputs
 .text._malloc_trim_r
                0x0000a374       0x9c /usr/local/lpcxpresso_8.2.2_650/lpcxpresso/tools/bin/../lib/gcc/arm-none-eabi/5.4.1/../../../../arm-none-eabi/lib/armv7-m/libc.a(lib_a-freer.o)
                0x0000a374                _malloc_trim_r
 .text._free_r  0x0000a410      0x1d0 /usr/local/lpcxpresso_8.2.2_650/lpcxpresso/tools/bin/../lib/gcc/arm-none-eabi/5.4.1/../../../../arm-none-eabi/lib/armv7-m/libc.a(lib_a-freer.o)
                0x0000a410                _free_r
 .text._fstat_r
                0x0000a5e0       0x28 /usr/local/lpcxpresso_8.2.2_650/lpcxpresso/tools/bin/../lib/gcc/arm-none-eabi/5.4.1/../../../../arm-none-eabi/lib/armv7-m/libc.a(lib_a-fstatr.o)
                0x0000a5e0                _fstat_r
 .text.__sfvwrite_r
                0x0000a608      0x308 /usr/local/lpcxpresso_8.2.2_650/lpcxpresso/tools/bin/../lib/gcc/arm-none-eabi/5.4.1/../../../../arm-none-eabi/lib/armv7-m/libc.a(lib_a-fvwrite.o)
                0x0000a608                __sfvwrite_r
 .text._fwalk_reent
                0x0000a910       0x50 /usr/local/lpcxpresso_8.2.2_650/lpcxpresso/tools/bin/../lib/gcc/arm-none-eabi/5.4.1/../../../../arm-none-eabi/lib/armv7-m/libc.a(lib_a-fwalk.o)
                0x0000a910                _fwalk_reent
 .text.__libc_init_array
                0x0000a960       0x50 /usr/local/lpcxpresso_8.2.2_650/lpcxpresso/tools/bin/../lib/gcc/arm-none-eabi/5.4.1/../../../../arm-none-eabi/lib/armv7-m/libc.a(lib_a-init.o)
                0x0000a960                __libc_init_array
 .text.__swhatbuf_r
                0x0000a9b0       0x60 /usr/local/lpcxpresso_8.2.2_650/lpcxpresso/tools/bin/../lib/gcc/arm-none-eabi/5.4.1/../../../../arm-none-eabi/lib/armv7-m/libc.a(lib_a-makebuf.o)
                0x0000a9b0                __swhatbuf_r
 .text.__smakebuf_r
                0x0000aa10       0x88 /usr/local/lpcxpresso_8.2.2_650/lpcxpresso/tools/bin/../lib/gcc/arm-none-eabi/5.4.1/../../../../arm-none-eabi/lib/armv7-m/libc.a(lib_a-makebuf.o)
                0x0000aa10                __smakebuf_r
 .text.malloc   0x0000aa98       0x10 /usr/local/lpcxpresso_8.2.2_650/lpcxpresso/tools/bin/../lib/gcc/arm-none-eabi/5.4.1/../../../../arm-none-eabi/lib/armv7-m/libc.a(lib_a-malloc.o)
                0x0000aa98                malloc
 .text.free     0x0000aaa8       0x10 /usr/local/lpcxpresso_8.2.2_650/lpcxpresso/tools/bin/../lib/gcc/arm-none-eabi/5.4.1/../../../../arm-none-eabi/lib/armv7-m/libc.a(lib_a-malloc.o)
                0x0000aaa8                free
 .text._malloc_r
                0x0000aab8      0x558 /usr/local/lpcxpresso_8.2.2_650/lpcxpresso/tools/bin/../lib/gcc/arm-none-eabi/5.4.1/../../../../arm-none-eabi/lib/armv7-m/libc.a(lib_a-mallocr.o)
                0x0000aab8                _malloc_r
 .text.memchr   0x0000b010       0x8c /usr/local/lpcxpresso_8.2.2_650/lpcxpresso/tools/bin/../lib/gcc/arm-none-eabi/5.4.1/../../../../arm-none-eabi/lib/armv7-m/libc.a(lib_a-memchr-stub.o)
                0x0000b010                memchr
 .text          0x0000b09c       0xec /usr/local/lpcxpresso_8.2.2_650/lpcxpresso/tools/bin/../lib/gcc/arm-none-eabi/5.4.1/../../../../arm-none-eabi/lib/armv7-m/libc.a(lib_a-memcpy.o)
                0x0000b09c                memcpy
 .text.memmove  0x0000b188       0xc8 /usr/local/lpcxpresso_8.2.2_650/lpcxpresso/tools/bin/../lib/gcc/arm-none-eabi/5.4.1/../../../../arm-none-eabi/lib/armv7-m/libc.a(lib_a-memmove.o)
                0x0000b188                memmove
 .text.memset   0x0000b250       0x9c /usr/local/lpcxpresso_8.2.2_650/lpcxpresso/tools/bin/../lib/gcc/arm-none-eabi/5.4.1/../../../../arm-none-eabi/lib/armv7-m/libc.a(lib_a-memset.o)
                0x0000b250                memset
 .text.__malloc_lock
                0x0000b2ec        0x4 /usr/local/lpcxpresso_8.2.2_650/lpcxpresso/tools/bin/../lib/gcc/arm-none-eabi/5.4.1/../../../../arm-none-eabi/lib/armv7-m/libc.a(lib_a-mlock.o)
                0x0000b2ec                __malloc_lock
 .text.__malloc_unlock
                0x0000b2f0        0x4 /usr/local/lpcxpresso_8.2.2_650/lpcxpresso/tools/bin/../lib/gcc/arm-none-eabi/5.4.1/../../../../arm-none-eabi/lib/armv7-m/libc.a(lib_a-mlock.o)
                0x0000b2f0                __malloc_unlock
 .text._perror_r
                0x0000b2f4       0x44 /usr/local/lpcxpresso_8.2.2_650/lpcxpresso/tools/bin/../lib/gcc/arm-none-eabi/5.4.1/../../../../arm-none-eabi/lib/armv7-m/libc.a(lib_a-perror.o)
                0x0000b2f4                _perror_r
 .text.perror   0x0000b338       0x10 /usr/local/lpcxpresso_8.2.2_650/lpcxpresso/tools/bin/../lib/gcc/arm-none-eabi/5.4.1/../../../../arm-none-eabi/lib/armv7-m/libc.a(lib_a-perror.o)
                0x0000b338                perror
 .text.printf   0x0000b348       0x28 /usr/local/lpcxpresso_8.2.2_650/lpcxpresso/tools/bin/../lib/gcc/arm-none-eabi/5.4.1/../../../../arm-none-eabi/lib/armv7-m/libc.a(lib_a-printf.o)
                0x0000b348                printf
 .text._putc_r  0x0000b370       0x44 /usr/local/lpcxpresso_8.2.2_650/lpcxpresso/tools/bin/../lib/gcc/arm-none-eabi/5.4.1/../../../../arm-none-eabi/lib/armv7-m/libc.a(lib_a-putc.o)
                0x0000b370                _putc_r
 .text._realloc_r
                0x0000b3b4      0x3d4 /usr/local/lpcxpresso_8.2.2_650/lpcxpresso/tools/bin/../lib/gcc/arm-none-eabi/5.4.1/../../../../arm-none-eabi/lib/armv7-m/libc.a(lib_a-reallocr.o)
                0x0000b3b4                _realloc_r
 .text._sbrk_r  0x0000b788       0x24 /usr/local/lpcxpresso_8.2.2_650/lpcxpresso/tools/bin/../lib/gcc/arm-none-eabi/5.4.1/../../../../arm-none-eabi/lib/armv7-m/libc.a(lib_a-sbrkr.o)
                0x0000b788                _sbrk_r
 .text.__sread  0x0000b7ac       0x24 /usr/local/lpcxpresso_8.2.2_650/lpcxpresso/tools/bin/../lib/gcc/arm-none-eabi/5.4.1/../../../../arm-none-eabi/lib/armv7-m/libc.a(lib_a-stdio.o)
                0x0000b7ac                __sread
 .text.__swrite
                0x0000b7d0       0x3c /usr/local/lpcxpresso_8.2.2_650/lpcxpresso/tools/bin/../lib/gcc/arm-none-eabi/5.4.1/../../../../arm-none-eabi/lib/armv7-m/libc.a(lib_a-stdio.o)
                0x0000b7d0                __swrite
 .text.__sseek  0x0000b80c       0x20 /usr/local/lpcxpresso_8.2.2_650/lpcxpresso/tools/bin/../lib/gcc/arm-none-eabi/5.4.1/../../../../arm-none-eabi/lib/armv7-m/libc.a(lib_a-stdio.o)
                0x0000b80c                __sseek
 .text.__sclose
                0x0000b82c        0x8 /usr/local/lpcxpresso_8.2.2_650/lpcxpresso/tools/bin/../lib/gcc/arm-none-eabi/5.4.1/../../../../arm-none-eabi/lib/armv7-m/libc.a(lib_a-stdio.o)
                0x0000b82c                __sclose
 .text.strcpy   0x0000b834       0xbc /usr/local/lpcxpresso_8.2.2_650/lpcxpresso/tools/bin/../lib/gcc/arm-none-eabi/5.4.1/../../../../arm-none-eabi/lib/armv7-m/libc.a(lib_a-strcpy.o)
                0x0000b834                strcpy
 .text._strerror_r
                0x0000b8f0      0x3cc /usr/local/lpcxpresso_8.2.2_650/lpcxpresso/tools/bin/../lib/gcc/arm-none-eabi/5.4.1/../../../../arm-none-eabi/lib/armv7-m/libc.a(lib_a-strerror.o)
                0x0000b8f0                _strerror_r
 .text.strlen   0x0000bcbc       0x5c /usr/local/lpcxpresso_8.2.2_650/lpcxpresso/tools/bin/../lib/gcc/arm-none-eabi/5.4.1/../../../../arm-none-eabi/lib/armv7-m/libc.a(lib_a-strlen-stub.o)
                0x0000bcbc                strlen
 .text._user_strerror
                0x0000bd18        0x4 /usr/local/lpcxpresso_8.2.2_650/lpcxpresso/tools/bin/../lib/gcc/arm-none-eabi/5.4.1/../../../../arm-none-eabi/lib/armv7-m/libc.a(lib_a-u_strerr.o)
                0x0000bd18                _user_strerror
 .text._vfprintf_r
                0x0000bd1c     0x1788 /usr/local/lpcxpresso_8.2.2_650/lpcxpresso/tools/bin/../lib/gcc/arm-none-eabi/5.4.1/../../../../arm-none-eabi/lib/armv7-m/libc.a(lib_a-vfprintf.o)
                0x0000bd1c                _vfprintf_r
 .text.vfprintf
                0x0000d4a4       0x18 /usr/local/lpcxpresso_8.2.2_650/lpcxpresso/tools/bin/../lib/gcc/arm-none-eabi/5.4.1/../../../../arm-none-eabi/lib/armv7-m/libc.a(lib_a-vfprintf.o)
                0x0000d4a4                vfprintf
 .text.__sbprintf
                0x0000d4bc       0x6c /usr/local/lpcxpresso_8.2.2_650/lpcxpresso/tools/bin/../lib/gcc/arm-none-eabi/5.4.1/../../../../arm-none-eabi/lib/armv7-m/libc.a(lib_a-vfprintf.o)
 .text.__swbuf_r
                0x0000d528       0xac /usr/local/lpcxpresso_8.2.2_650/lpcxpresso/tools/bin/../lib/gcc/arm-none-eabi/5.4.1/../../../../arm-none-eabi/lib/armv7-m/libc.a(lib_a-wbuf.o)
                0x0000d528                __swbuf_r
 .text._write_r
                0x0000d5d4       0x2c /usr/local/lpcxpresso_8.2.2_650/lpcxpresso/tools/bin/../lib/gcc/arm-none-eabi/5.4.1/../../../../arm-none-eabi/lib/armv7-m/libc.a(lib_a-writer.o)
                0x0000d5d4                _write_r
 .text.__swsetup_r
                0x0000d600       0xc8 /usr/local/lpcxpresso_8.2.2_650/lpcxpresso/tools/bin/../lib/gcc/arm-none-eabi/5.4.1/../../../../arm-none-eabi/lib/armv7-m/libc.a(lib_a-wsetup.o)
                0x0000d600                __swsetup_r